Archive member included to satisfy reference by file (symbol)

d:/embedded_development/rt-threadstudio/repo/extract/toolchain_support_packages/arm/gnu_tools_for_arm_embedded_processors/10.2.1/bin/../lib/gcc/arm-none-eabi/10.2.1/../../../../arm-none-eabi/lib/thumb/v8-m.main+fp/hard\libc.a(lib_a-atoi.o)
                              ./rt-thread/components/drivers/sensors/sensor_cmd.o (atoi)
d:/embedded_development/rt-threadstudio/repo/extract/toolchain_support_packages/arm/gnu_tools_for_arm_embedded_processors/10.2.1/bin/../lib/gcc/arm-none-eabi/10.2.1/../../../../arm-none-eabi/lib/thumb/v8-m.main+fp/hard\libc.a(lib_a-exit.o)
                              d:/embedded_development/rt-threadstudio/repo/extract/toolchain_support_packages/arm/gnu_tools_for_arm_embedded_processors/10.2.1/bin/../lib/gcc/arm-none-eabi/10.2.1/../../../../arm-none-eabi/lib/thumb/v8-m.main+fp/hard/crt0.o (exit)
d:/embedded_development/rt-threadstudio/repo/extract/toolchain_support_packages/arm/gnu_tools_for_arm_embedded_processors/10.2.1/bin/../lib/gcc/arm-none-eabi/10.2.1/../../../../arm-none-eabi/lib/thumb/v8-m.main+fp/hard\libc.a(lib_a-impure.o)
                              d:/embedded_development/rt-threadstudio/repo/extract/toolchain_support_packages/arm/gnu_tools_for_arm_embedded_processors/10.2.1/bin/../lib/gcc/arm-none-eabi/10.2.1/../../../../arm-none-eabi/lib/thumb/v8-m.main+fp/hard\libc.a(lib_a-exit.o) (_global_impure_ptr)
d:/embedded_development/rt-threadstudio/repo/extract/toolchain_support_packages/arm/gnu_tools_for_arm_embedded_processors/10.2.1/bin/../lib/gcc/arm-none-eabi/10.2.1/../../../../arm-none-eabi/lib/thumb/v8-m.main+fp/hard\libc.a(lib_a-memcmp.o)
                              ./rt-thread/components/finsh/shell.o (memcmp)
d:/embedded_development/rt-threadstudio/repo/extract/toolchain_support_packages/arm/gnu_tools_for_arm_embedded_processors/10.2.1/bin/../lib/gcc/arm-none-eabi/10.2.1/../../../../arm-none-eabi/lib/thumb/v8-m.main+fp/hard\libc.a(lib_a-memcpy.o)
                              ./ra/fsp/src/r_sci_uart/r_sci_uart.o (memcpy)
d:/embedded_development/rt-threadstudio/repo/extract/toolchain_support_packages/arm/gnu_tools_for_arm_embedded_processors/10.2.1/bin/../lib/gcc/arm-none-eabi/10.2.1/../../../../arm-none-eabi/lib/thumb/v8-m.main+fp/hard\libc.a(lib_a-memset.o)
                              d:/embedded_development/rt-threadstudio/repo/extract/toolchain_support_packages/arm/gnu_tools_for_arm_embedded_processors/10.2.1/bin/../lib/gcc/arm-none-eabi/10.2.1/../../../../arm-none-eabi/lib/thumb/v8-m.main+fp/hard/crt0.o (memset)
d:/embedded_development/rt-threadstudio/repo/extract/toolchain_support_packages/arm/gnu_tools_for_arm_embedded_processors/10.2.1/bin/../lib/gcc/arm-none-eabi/10.2.1/../../../../arm-none-eabi/lib/thumb/v8-m.main+fp/hard\libc.a(lib_a-strcat.o)
                              ./rt-thread/components/drivers/sensors/sensor.o (strcat)
d:/embedded_development/rt-threadstudio/repo/extract/toolchain_support_packages/arm/gnu_tools_for_arm_embedded_processors/10.2.1/bin/../lib/gcc/arm-none-eabi/10.2.1/../../../../arm-none-eabi/lib/thumb/v8-m.main+fp/hard\libc.a(lib_a-strcmp.o)
                              ./rt-thread/components/drivers/sensors/sensor_cmd.o (strcmp)
d:/embedded_development/rt-threadstudio/repo/extract/toolchain_support_packages/arm/gnu_tools_for_arm_embedded_processors/10.2.1/bin/../lib/gcc/arm-none-eabi/10.2.1/../../../../arm-none-eabi/lib/thumb/v8-m.main+fp/hard\libc.a(lib_a-strcpy.o)
                              ./rt-thread/components/finsh/shell.o (strcpy)
d:/embedded_development/rt-threadstudio/repo/extract/toolchain_support_packages/arm/gnu_tools_for_arm_embedded_processors/10.2.1/bin/../lib/gcc/arm-none-eabi/10.2.1/../../../../arm-none-eabi/lib/thumb/v8-m.main+fp/hard\libc.a(lib_a-strlen-stub.o)
                              ./rt-thread/components/finsh/msh.o (strlen)
d:/embedded_development/rt-threadstudio/repo/extract/toolchain_support_packages/arm/gnu_tools_for_arm_embedded_processors/10.2.1/bin/../lib/gcc/arm-none-eabi/10.2.1/../../../../arm-none-eabi/lib/thumb/v8-m.main+fp/hard\libc.a(lib_a-strncmp.o)
                              ./rt-thread/components/finsh/cmd.o (strncmp)
d:/embedded_development/rt-threadstudio/repo/extract/toolchain_support_packages/arm/gnu_tools_for_arm_embedded_processors/10.2.1/bin/../lib/gcc/arm-none-eabi/10.2.1/../../../../arm-none-eabi/lib/thumb/v8-m.main+fp/hard\libc.a(lib_a-strncpy.o)
                              ./rt-thread/components/finsh/shell.o (strncpy)
d:/embedded_development/rt-threadstudio/repo/extract/toolchain_support_packages/arm/gnu_tools_for_arm_embedded_processors/10.2.1/bin/../lib/gcc/arm-none-eabi/10.2.1/../../../../arm-none-eabi/lib/thumb/v8-m.main+fp/hard\libc.a(lib_a-strtol.o)
[...]
Memory Configuration

Name             Origin             Length             Attributes
FLASH            0x00000000         0x00100000         xr
RAM              0x20000000         0x00040000         xrw
DATA_FLASH       0x08000000         0x00002000         xr
QSPI_FLASH       0x60000000         0x04000000         xr
OSPI_DEVICE_0    0x68000000         0x08000000         xr
OSPI_DEVICE_1    0x70000000         0x10000000         xr
OSPI_DEVICE_0_RAM 0x68000000         0x08000000         xrw
OSPI_DEVICE_1_RAM 0x70000000         0x10000000         xrw
SDRAM            0x90000000         0x00000000         xrw
OPTION_SETTING   0x0100a100         0x00000100         r
OPTION_SETTING_S 0x0100a200         0x00000100         r
ID_CODE          0x00000000         0x00000000         xr
*default*        0x00000000         0xffffffff

Linker script and memory map

LOAD d:/embedded_development/rt-threadstudio/repo/extract/toolchain_support_packages/arm/gnu_tools_for_arm_embedded_processors/10.2.1/bin/../lib/gcc/arm-none-eabi/10.2.1/thumb/v8-m.main+fp/hard/crti.o
LOAD d:/embedded_development/rt-threadstudio/repo/extract/toolchain_support_packages/arm/gnu_tools_for_arm_embedded_processors/10.2.1/bin/../lib/gcc/arm-none-eabi/10.2.1/thumb/v8-m.main+fp/hard/crtbegin.o
LOAD d:/embedded_development/rt-threadstudio/repo/extract/toolchain_support_packages/arm/gnu_tools_for_arm_embedded_processors/10.2.1/bin/../lib/gcc/arm-none-eabi/10.2.1/../../../../arm-none-eabi/lib/thumb/v8-m.main+fp/hard/crt0.o
LOAD ./src/MPU6050.o
LOAD ./src/hal_entry.o
LOAD ./rt-thread/src/clock.o
LOAD ./rt-thread/src/components.o
LOAD ./rt-thread/src/device.o
LOAD ./rt-thread/src/idle.o
LOAD ./rt-thread/src/ipc.o
LOAD ./rt-thread/src/irq.o
LOAD ./rt-thread/src/kservice.o
LOAD ./rt-thread/src/mem.o
LOAD ./rt-thread/src/object.o
LOAD ./rt-thread/src/scheduler.o
LOAD ./rt-thread/src/thread.o
LOAD ./rt-thread/src/timer.o
LOAD ./rt-thread/libcpu/arm/cortex-m4/context_gcc.o
LOAD ./rt-thread/libcpu/arm/cortex-m4/cpuport.o
LOAD ./rt-thread/libcpu/arm/common/backtrace.o
LOAD ./rt-thread/libcpu/arm/common/div0.o
LOAD ./rt-thread/libcpu/arm/common/showmem.o
LOAD ./rt-thread/components/libc/compilers/newlib/syscalls.o
LOAD ./rt-thread/components/libc/compilers/common/stdlib.o
LOAD ./rt-thread/components/libc/compilers/common/time.o
LOAD ./rt-thread/components/finsh/cmd.o
LOAD ./rt-thread/components/finsh/msh.o
LOAD ./rt-thread/components/finsh/shell.o
LOAD ./rt-thread/components/drivers/serial/serial_v2.o
LOAD ./rt-thread/components/drivers/sensors/sensor.o
LOAD ./rt-thread/components/drivers/sensors/sensor_cmd.o
LOAD ./rt-thread/components/drivers/misc/adc.o
LOAD ./rt-thread/components/drivers/misc/pin.o
LOAD ./rt-thread/components/drivers/ipc/completion.o
LOAD ./rt-thread/components/drivers/ipc/dataqueue.o
LOAD ./rt-thread/components/drivers/ipc/pipe.o
LOAD ./rt-thread/components/drivers/ipc/ringblk_buf.o
LOAD ./rt-thread/components/drivers/ipc/ringbuffer.o
LOAD ./rt-thread/components/drivers/ipc/waitqueue.o
LOAD ./rt-thread/components/drivers/ipc/workqueue.o
LOAD ./rt-thread/components/drivers/i2c/i2c-bit-ops.o
LOAD ./rt-thread/components/drivers/i2c/i2c_core.o
LOAD ./rt-thread/components/drivers/i2c/i2c_dev.o
LOAD ./ra_gen/common_data.o
LOAD ./ra_gen/hal_data.o
LOAD ./ra_gen/main.o
LOAD ./ra_gen/pin_data.o
LOAD ./ra_gen/vector_data.o
LOAD ./ra/fsp/src/r_sci_uart/r_sci_uart.o
LOAD ./ra/fsp/src/r_ioport/r_ioport.o
LOAD ./ra/fsp/src/r_icu/r_icu.o
LOAD ./ra/fsp/src/r_adc/r_adc.o
LOAD ./ra/fsp/src/bsp/mcu/all/bsp_clocks.o
LOAD ./ra/fsp/src/bsp/mcu/all/bsp_common.o
LOAD ./ra/fsp/src/bsp/mcu/all/bsp_delay.o
LOAD ./ra/fsp/src/bsp/mcu/all/bsp_group_irq.o
LOAD ./ra/fsp/src/bsp/mcu/all/bsp_guard.o
LOAD ./ra/fsp/src/bsp/mcu/all/bsp_io.o
LOAD ./ra/fsp/src/bsp/mcu/all/bsp_irq.o
LOAD ./ra/fsp/src/bsp/mcu/all/bsp_register_protection.o
LOAD ./ra/fsp/src/bsp/mcu/all/bsp_rom_registers.o
LOAD ./ra/fsp/src/bsp/mcu/all/bsp_sbrk.o
LOAD ./ra/fsp/src/bsp/mcu/all/bsp_security.o
LOAD ./ra/fsp/src/bsp/cmsis/Device/RENESAS/Source/startup.o
LOAD ./ra/fsp/src/bsp/cmsis/Device/RENESAS/Source/system.o
LOAD ./packages/mpu6xxx-latest/src/mpu6xxx.o
LOAD ./packages/mpu6xxx-latest/src/sensor_inven_mpu6xxx.o
LOAD ./libraries/HAL_Drivers/drv_adc.o
LOAD ./libraries/HAL_Drivers/drv_common.o
LOAD ./libraries/HAL_Drivers/drv_gpio.o
LOAD ./libraries/HAL_Drivers/drv_soft_i2c.o
LOAD ./libraries/HAL_Drivers/drv_usart_v2.o
LOAD ./board/ports/drv_rw007.o
LOAD d:/embedded_development/rt-threadstudio/repo/extract/toolchain_support_packages/arm/gnu_tools_for_arm_embedded_processors/10.2.1/bin/../lib/gcc/arm-none-eabi/10.2.1/../../../../arm-none-eabi/lib/thumb/v8-m.main+fp/hard\libm.a
LOAD d:/embedded_development/rt-threadstudio/repo/extract/toolchain_support_packages/arm/gnu_tools_for_arm_embedded_processors/10.2.1/bin/../lib/gcc/arm-none-eabi/10.2.1/../../../../arm-none-eabi/lib/thumb/v8-m.main+fp/hard\libc.a
START GROUP
LOAD d:/embedded_development/rt-threadstudio/repo/extract/toolchain_support_packages/arm/gnu_tools_for_arm_embedded_processors/10.2.1/bin/../lib/gcc/arm-none-eabi/10.2.1/thumb/v8-m.main+fp/hard\libgcc.a
LOAD d:/embedded_development/rt-threadstudio/repo/extract/toolchain_support_packages/arm/gnu_tools_for_arm_embedded_processors/10.2.1/bin/../lib/gcc/arm-none-eabi/10.2.1/../../../../arm-none-eabi/lib/thumb/v8-m.main+fp/hard\libc.a
END GROUP
LOAD d:/embedded_development/rt-threadstudio/repo/extract/toolchain_support_packages/arm/gnu_tools_for_arm_embedded_processors/10.2.1/bin/../lib/gcc/arm-none-eabi/10.2.1/thumb/v8-m.main+fp/hard/crtend.o
LOAD d:/embedded_development/rt-threadstudio/repo/extract/toolchain_support_packages/arm/gnu_tools_for_arm_embedded_processors/10.2.1/bin/../lib/gcc/arm-none-eabi/10.2.1/thumb/v8-m.main+fp/hard/crtn.o
                0x20000000                RAM_START = 0x20000000
                0x00040000                RAM_LENGTH = 0x40000
                0x00000000                FLASH_START = 0x0
                0x00100000                FLASH_LENGTH = 0x100000
                0x08000000                DATA_FLASH_START = 0x8000000
                0x00002000                DATA_FLASH_LENGTH = 0x2000
                0x0100a100                OPTION_SETTING_START = 0x100a100
                0x00000100                OPTION_SETTING_LENGTH = 0x100
                0x0100a200                OPTION_SETTING_S_START = 0x100a200
                0x00000100                OPTION_SETTING_S_LENGTH = 0x100
                0x00000000                ID_CODE_START = 0x0
                0x00000000                ID_CODE_LENGTH = 0x0
                0x90000000                SDRAM_START = 0x90000000
                0x00000000                SDRAM_LENGTH = 0x0
                0x60000000                QSPI_FLASH_START = 0x60000000
                0x04000000                QSPI_FLASH_LENGTH = 0x4000000
                0x68000000                OSPI_DEVICE_0_START = 0x68000000
                0x08000000                OSPI_DEVICE_0_LENGTH = 0x8000000
                0x70000000                OSPI_DEVICE_1_START = 0x70000000
                0x10000000                OSPI_DEVICE_1_LENGTH = 0x10000000
                0x04000000                QSPI_FLASH_PRV_LENGTH = DEFINED (QSPI_FLASH_SIZE)?ABSOLUTE (QSPI_FLASH_SIZE):ABSOLUTE (QSPI_FLASH_LENGTH)
                0x08000000                OSPI_DEVICE_0_PRV_LENGTH = DEFINED (OSPI_DEVICE_0_SIZE)?ABSOLUTE (OSPI_DEVICE_0_SIZE):ABSOLUTE (OSPI_DEVICE_0_LENGTH)
                0x10000000                OSPI_DEVICE_1_PRV_LENGTH = DEFINED (OSPI_DEVICE_1_SIZE)?ABSOLUTE (OSPI_DEVICE_1_SIZE):ABSOLUTE (OSPI_DEVICE_1_LENGTH)
                0x00000000                __RESERVE_NS_RAM = ((! (DEFINED (PROJECT_NONSECURE)) && DEFINED (RAM_NS_BUFFER_LENGTH)) && (OPTION_SETTING_S_LENGTH != 0x0))
                0x00000000                RAM_NS_BUFFER_BLOCK_LENGTH = DEFINED (RAM_NS_BUFFER_LENGTH)?ALIGN (RAM_NS_BUFFER_LENGTH, 0x2000):0x0
                0x00000000                RAM_NS_BUFFER_LENGTH = DEFINED (RAM_NS_BUFFER_LENGTH)?RAM_NS_BUFFER_LENGTH:0x0
                0x20040000                RAM_NS_BUFFER_START = ((RAM_START + RAM_LENGTH) - RAM_NS_BUFFER_LENGTH)
                0x20040000                RAM_NS_BUFFER_BLOCK_START = ((RAM_START + RAM_LENGTH) - RAM_NS_BUFFER_BLOCK_LENGTH)
                0x0100a180                OPTION_SETTING_START_NS = 0x100a180
                0x00000001                __bl_FSP_BOOTABLE_IMAGE = 0x1
                0x00000001                __bln_FSP_BOOTABLE_IMAGE = 0x1
                0x00000001                PROJECT_SECURE_OR_FLAT = ((! (DEFINED (PROJECT_NONSECURE)) && OPTION_SETTING_LENGTH) && ! (DEFINED (FSP_BOOTABLE_IMAGE)))
                0x00000000                USE_OPTION_SETTING_NS = (DEFINED (PROJECT_NONSECURE) && ! (DEFINED (FSP_BOOTABLE_IMAGE)))
                0x00000000                __bl_FLASH_IMAGE_START = ! (DEFINED (FLASH_BOOTLOADER_LENGTH))?0x0:(FLASH_APPLICATION_IMAGE_NUMBER == 0x1)?(FLASH_BOOTLOADER_LENGTH + FLASH_BOOTLOADER_HEADER_LENGTH):(((FLASH_BOOTLOADER_LENGTH + FLASH_BOOTLOADER_SCRATCH_LENGTH) + FLASH_APPLICATION_S_LENGTH) + FLASH_BOOTLOADER_HEADER_LENGTH)
                0x00000000                __bl_FLASH_IMAGE_LENGTH = ! (DEFINED (FLASH_BOOTLOADER_LENGTH))?0x0:(FLASH_APPLICATION_S_LENGTH - FLASH_BOOTLOADER_HEADER_LENGTH)
                0x00000000                __bl_FLASH_IMAGE_END = (__bl_FLASH_IMAGE_START + __bl_FLASH_IMAGE_LENGTH)
                0x00000000                __bl_FLASH_NS_START = ! (DEFINED (FLASH_BOOTLOADER_LENGTH))?0x0:(FLASH_APPLICATION_NS_LENGTH == 0x0)?__bl_FLASH_IMAGE_END:((__bl_FLASH_IMAGE_START - FLASH_BOOTLOADER_HEADER_LENGTH) + FLASH_APPLICATION_S_LENGTH)
                0x00000000                __bl_FLASH_NSC_START = ! (DEFINED (FLASH_BOOTLOADER_LENGTH))?0x0:(FLASH_APPLICATION_NS_LENGTH == 0x0)?__bl_FLASH_IMAGE_END:(__bl_FLASH_NS_START - FLASH_APPLICATION_NSC_LENGTH)
                0x00000000                __bl_RAM_NS_START = ! (DEFINED (FLASH_BOOTLOADER_LENGTH))?0x0:(FLASH_APPLICATION_NS_LENGTH == 0x0)?(RAM_START + RAM_LENGTH):((RAM_START + RAM_LENGTH) - RAM_APPLICATION_NS_LENGTH)
                0x00000000                __bl_RAM_NSC_START = ! (DEFINED (FLASH_BOOTLOADER_LENGTH))?0x0:(FLASH_APPLICATION_NS_LENGTH == 0x0)?(RAM_START + RAM_LENGTH):(__bl_RAM_NS_START - RAM_APPLICATION_NSC_LENGTH)
                0x00000000                __bl_FLASH_NS_IMAGE_START = ! (DEFINED (FLASH_BOOTLOADER_LENGTH))?0x0:(FLASH_APPLICATION_NS_LENGTH == 0x0)?__bl_FLASH_IMAGE_END:(__bl_FLASH_NS_START + FLASH_BOOTLOADER_HEADER_LENGTH_2)
                0x00000000                __bln_FLASH_IMAGE_START = __bl_FLASH_NS_IMAGE_START
                0x00000000                __bln_FLASH_IMAGE_LENGTH = ! (DEFINED (FLASH_BOOTLOADER_LENGTH))?0x0:(FLASH_APPLICATION_NS_LENGTH == 0x0)?__bl_FLASH_IMAGE_END:(FLASH_APPLICATION_NS_LENGTH - FLASH_BOOTLOADER_HEADER_LENGTH_2)
                0x00000000                FLASH_ORIGIN = DEFINED (FLASH_IMAGE_START)?FLASH_IMAGE_START:FLASH_START
                0x00100000                LIMITED_FLASH_LENGTH = DEFINED (FLASH_IMAGE_LENGTH)?FLASH_IMAGE_LENGTH:DEFINED (FLASH_BOOTLOADER_LENGTH)?FLASH_BOOTLOADER_LENGTH:FLASH_LENGTH
START GROUP
LOAD d:/embedded_development/rt-threadstudio/repo/extract/toolchain_support_packages/arm/gnu_tools_for_arm_embedded_processors/10.2.1/bin/../lib/gcc/arm-none-eabi/10.2.1/thumb/v8-m.main+fp/hard\libgcc.a
LOAD d:/embedded_development/rt-threadstudio/repo/extract/toolchain_support_packages/arm/gnu_tools_for_arm_embedded_processors/10.2.1/bin/../lib/gcc/arm-none-eabi/10.2.1/../../../../arm-none-eabi/lib/thumb/v8-m.main+fp/hard\libc.a
LOAD d:/embedded_development/rt-threadstudio/repo/extract/toolchain_support_packages/arm/gnu_tools_for_arm_embedded_processors/10.2.1/bin/../lib/gcc/arm-none-eabi/10.2.1/../../../../arm-none-eabi/lib/thumb/v8-m.main+fp/hard\libm.a
LOAD d:/embedded_development/rt-threadstudio/repo/extract/toolchain_support_packages/arm/gnu_tools_for_arm_embedded_processors/10.2.1/bin/../lib/gcc/arm-none-eabi/10.2.1/../../../../arm-none-eabi/lib/thumb/v8-m.main+fp/hard\libnosys.a
END GROUP

.text           0x00000000    0x14b7c
                0x00000000                __tz_FLASH_S = ABSOLUTE (FLASH_START)
                0x00000000                __ROM_Start = .
 *(.fixed_vectors*)
 .fixed_vectors
                0x00000000       0x40 ./ra/fsp/src/bsp/cmsis/Device/RENESAS/Source/startup.o
                0x00000000                __Vectors
 *(.application_vectors*)
 .application_vectors
                0x00000040      0x180 ./ra_gen/vector_data.o
                0x00000040                g_vector_table
                0x000001c0                __Vectors_End = .
                0x000001c0                . = (OPTION_SETTING_LENGTH > 0x0)?.:(__ROM_Start + 0x400)
 *(.rom_registers*)
                0x000001c0                . = (OPTION_SETTING_LENGTH > 0x0)?.:(__ROM_Start + 0x500)
                0x00000200                . = ALIGN (0x80)
 *fill*         0x000001c0       0x40 ff
 *(.mcuboot_sce9_key*)
 *(.text*)
 .text          0x00000200       0x40 d:/embedded_development/rt-threadstudio/repo/extract/toolchain_support_packages/arm/gnu_tools_for_arm_embedded_processors/10.2.1/bin/../lib/gcc/arm-none-eabi/10.2.1/thumb/v8-m.main+fp/hard/crtbegin.o
 .text.sensor_read_data
                0x00000240       0x88 ./src/hal_entry.o
 .text.hal_entry
                0x000002c8       0x84 ./src/hal_entry.o
                0x000002c8                hal_entry
 .text.irq_callback_test
                0x0000034c       0x1c ./src/hal_entry.o
                0x0000034c                irq_callback_test
 .text.icu_sample
                0x00000368       0x68 ./src/hal_entry.o
                0x00000368                icu_sample
 .text.rt_tick_get
                0x000003d0       0x18 ./rt-thread/src/clock.o
                0x000003d0                rt_tick_get
 .text.rt_tick_increase
                0x000003e8       0x7c ./rt-thread/src/clock.o
                0x000003e8                rt_tick_increase
 .text.rt_tick_from_millisecond
                0x00000464       0x78 ./rt-thread/src/clock.o
                0x00000464                rt_tick_from_millisecond
 .text.rti_start
                0x000004dc       0x10 ./rt-thread/src/components.o
 .text.rti_board_start
                0x000004ec       0x10 ./rt-thread/src/components.o
 .text.rti_board_end
                0x000004fc       0x10 ./rt-thread/src/components.o
 .text.rti_end  0x0000050c       0x10 ./rt-thread/src/components.o
 .text.rt_components_board_init
                0x0000051c       0x34 ./rt-thread/src/components.o
                0x0000051c                rt_components_board_init
 .text.rt_components_init
                0x00000550       0x34 ./rt-thread/src/components.o
                0x00000550                rt_components_init
 .text.entry    0x00000584        0xe ./rt-thread/src/components.o
                0x00000584                entry
 .text.main_thread_entry
                0x00000592       0x18 ./rt-thread/src/components.o
                0x00000592                main_thread_entry
 *fill*         0x000005aa        0x2 ff
 .text.rt_application_init
                0x000005ac       0x4c ./rt-thread/src/components.o
                0x000005ac                rt_application_init
 .text.rtthread_startup
                0x000005f8       0x2e ./rt-thread/src/components.o
                0x000005f8                rtthread_startup
 .text.rt_device_register
                0x00000626       0x54 ./rt-thread/src/device.o
                0x00000626                rt_device_register
 *fill*         0x0000067a        0x2 ff
 .text.rt_device_unregister
                0x0000067c       0x6c ./rt-thread/src/device.o
                0x0000067c                rt_device_unregister
 .text.rt_device_find
                0x000006e8       0x1a ./rt-thread/src/device.o
                0x000006e8                rt_device_find
 *fill*         0x00000702        0x2 ff
 .text.rt_device_open
                0x00000704      0x118 ./rt-thread/src/device.o
                0x00000704                rt_device_open
 .text.rt_device_close
                0x0000081c       0x9c ./rt-thread/src/device.o
                0x0000081c                rt_device_close
 .text.rt_device_read
                0x000008b8       0x88 ./rt-thread/src/device.o
                0x000008b8                rt_device_read
 .text.rt_device_write
                0x00000940       0x88 ./rt-thread/src/device.o
                0x00000940                rt_device_write
 .text.rt_device_control
                0x000009c8       0x68 ./rt-thread/src/device.o
                0x000009c8                rt_device_control
 .text.rt_device_set_rx_indicate
                0x00000a30       0x54 ./rt-thread/src/device.o
                0x00000a30                rt_device_set_rx_indicate
 .text.rt_list_insert_after
                0x00000a84       0x32 ./rt-thread/src/idle.o
 .text.rt_list_remove
                0x00000ab6       0x36 ./rt-thread/src/idle.o
 .text.rt_thread_defunct_enqueue
                0x00000aec       0x20 ./rt-thread/src/idle.o
                0x00000aec                rt_thread_defunct_enqueue
 .text.rt_thread_defunct_dequeue
                0x00000b0c       0x44 ./rt-thread/src/idle.o
                0x00000b0c                rt_thread_defunct_dequeue
 .text.rt_defunct_execute
                0x00000b50       0x54 ./rt-thread/src/idle.o
 .text.rt_thread_idle_entry
                0x00000ba4       0x38 ./rt-thread/src/idle.o
 .text.rt_thread_idle_init
                0x00000bdc       0x78 ./rt-thread/src/idle.o
                0x00000bdc                rt_thread_idle_init
 .text.rt_list_init
                0x00000c54       0x22 ./rt-thread/src/ipc.o
 .text.rt_list_insert_before
                0x00000c76       0x32 ./rt-thread/src/ipc.o
 .text.rt_list_isempty
                0x00000ca8       0x24 ./rt-thread/src/ipc.o
 .text._ipc_object_init
                0x00000ccc       0x1c ./rt-thread/src/ipc.o
 .text._ipc_list_suspend
                0x00000ce8       0xa4 ./rt-thread/src/ipc.o
 .text._ipc_list_resume
                0x00000d8c       0x20 ./rt-thread/src/ipc.o
 .text.rt_sem_init
                0x00000dac       0x88 ./rt-thread/src/ipc.o
                0x00000dac                rt_sem_init
 .text.rt_sem_create
                0x00000e34       0xac ./rt-thread/src/ipc.o
                0x00000e34                rt_sem_create
 .text.rt_sem_take
                0x00000ee0      0x194 ./rt-thread/src/ipc.o
                0x00000ee0                rt_sem_take
 .text.rt_sem_release
                0x00001074       0xbc ./rt-thread/src/ipc.o
                0x00001074                rt_sem_release
 .text.rt_mutex_init
                0x00001130       0x64 ./rt-thread/src/ipc.o
                0x00001130                rt_mutex_init
 .text.rt_mutex_create
                0x00001194       0x88 ./rt-thread/src/ipc.o
                0x00001194                rt_mutex_create
 .text.rt_mutex_take
                0x0000121c      0x21c ./rt-thread/src/ipc.o
                0x0000121c                rt_mutex_take
 .text.rt_mutex_release
                0x00001438      0x1bc ./rt-thread/src/ipc.o
                0x00001438                rt_mutex_release
 .text.rt_interrupt_enter
                0x000015f4       0x40 ./rt-thread/src/irq.o
                0x000015f4                rt_interrupt_enter
 .text.rt_interrupt_leave
                0x00001634       0x40 ./rt-thread/src/irq.o
                0x00001634                rt_interrupt_leave
 .text.rt_interrupt_get_nest
                0x00001674       0x28 ./rt-thread/src/irq.o
                0x00001674                rt_interrupt_get_nest
 .text.rt_set_errno
                0x0000169c       0x40 ./rt-thread/src/kservice.o
                0x0000169c                rt_set_errno
 .text._rt_errno
                0x000016dc       0x34 ./rt-thread/src/kservice.o
                0x000016dc                _rt_errno
 .text.rt_memset
                0x00001710       0xb6 ./rt-thread/src/kservice.o
                0x00001710                rt_memset
 .text.rt_memcpy
                0x000017c6       0xd2 ./rt-thread/src/kservice.o
                0x000017c6                rt_memcpy
 .text.rt_memmove
                0x00001898       0x82 ./rt-thread/src/kservice.o
                0x00001898                rt_memmove
 .text.rt_strncpy
                0x0000191a       0x64 ./rt-thread/src/kservice.o
                0x0000191a                rt_strncpy
 .text.rt_strncmp
                0x0000197e       0x4a ./rt-thread/src/kservice.o
                0x0000197e                rt_strncmp
 .text.rt_strlen
                0x000019c8       0x2e ./rt-thread/src/kservice.o
                0x000019c8                rt_strlen
 *fill*         0x000019f6        0x2 ff
 .text.rt_show_version
                0x000019f8       0x4c ./rt-thread/src/kservice.o
                0x000019f8                rt_show_version
 .text.divide   0x00001a44       0x68 ./rt-thread/src/kservice.o
 .text.skip_atoi
                0x00001aac       0x40 ./rt-thread/src/kservice.o
 .text.print_number
                0x00001aec      0x1dc ./rt-thread/src/kservice.o
 .text.rt_vsnprintf
                0x00001cc8      0x4ac ./rt-thread/src/kservice.o
                0x00001cc8                rt_vsnprintf
 .text.rt_vsprintf
                0x00002174       0x24 ./rt-thread/src/kservice.o
                0x00002174                rt_vsprintf
 .text.rt_sprintf
                0x00002198       0x2c ./rt-thread/src/kservice.o
                0x00002198                rt_sprintf
 .text.rt_console_get_device
                0x000021c4       0x18 ./rt-thread/src/kservice.o
                0x000021c4                rt_console_get_device
 .text.rt_console_set_device
                0x000021dc       0x58 ./rt-thread/src/kservice.o
                0x000021dc                rt_console_set_device
 .text.rt_hw_console_output
                0x00002234       0x14 ./rt-thread/src/kservice.o
                0x00002234                rt_hw_console_output
 .text.rt_kprintf
                0x00002248       0x60 ./rt-thread/src/kservice.o
                0x00002248                rt_kprintf
 .text._heap_lock_init
                0x000022a8       0x1c ./rt-thread/src/kservice.o
 .text._heap_lock
                0x000022c4       0x28 ./rt-thread/src/kservice.o
 .text._heap_unlock
                0x000022ec       0x40 ./rt-thread/src/kservice.o
 .text._smem_info
                0x0000232c       0x4c ./rt-thread/src/kservice.o
 .text.rt_system_heap_init
                0x00002378       0x64 ./rt-thread/src/kservice.o
                0x00002378                rt_system_heap_init
 .text.rt_malloc
                0x000023dc       0x48 ./rt-thread/src/kservice.o
                0x000023dc                rt_malloc
 .text.rt_calloc
                0x00002424       0x3c ./rt-thread/src/kservice.o
                0x00002424                rt_calloc
 .text.rt_free  0x00002460       0x38 ./rt-thread/src/kservice.o
                0x00002460                rt_free
 .text.rt_memory_info
                0x00002498       0x2a ./rt-thread/src/kservice.o
                0x00002498                rt_memory_info
 *fill*         0x000024c2        0x2 ff
 .text.rt_assert_handler
                0x000024c4       0x4c ./rt-thread/src/kservice.o
                0x000024c4                rt_assert_handler
 .text.plug_holes
                0x00002510       0xf8 ./rt-thread/src/mem.o
 .text.rt_smem_init
                0x00002608      0x104 ./rt-thread/src/mem.o
                0x00002608                rt_smem_init
 .text.rt_smem_alloc
                0x0000270c      0x268 ./rt-thread/src/mem.o
                0x0000270c                rt_smem_alloc
 .text.rt_smem_free
                0x00002974      0x140 ./rt-thread/src/mem.o
                0x00002974                rt_smem_free
 .text.rt_list_insert_after
                0x00002ab4       0x32 ./rt-thread/src/object.o
 .text.rt_list_remove
                0x00002ae6       0x36 ./rt-thread/src/object.o
 .text.rt_object_get_information
                0x00002b1c       0x48 ./rt-thread/src/object.o
                0x00002b1c                rt_object_get_information
 .text.rt_object_init
                0x00002b64       0xcc ./rt-thread/src/object.o
                0x00002b64                rt_object_init
 .text.rt_object_detach
                0x00002c30       0x5c ./rt-thread/src/object.o
                0x00002c30                rt_object_detach
 .text.rt_object_allocate
                0x00002c8c       0xd8 ./rt-thread/src/object.o
                0x00002c8c                rt_object_allocate
 .text.rt_object_delete
                0x00002d64       0x7c ./rt-thread/src/object.o
                0x00002d64                rt_object_delete
 .text.rt_object_is_systemobject
                0x00002de0       0x3c ./rt-thread/src/object.o
                0x00002de0                rt_object_is_systemobject
 .text.rt_object_get_type
                0x00002e1c       0x34 ./rt-thread/src/object.o
                0x00002e1c                rt_object_get_type
 .text.rt_object_find
                0x00002e50       0xb4 ./rt-thread/src/object.o
                0x00002e50                rt_object_find
 .text.rt_list_init
                0x00002f04       0x22 ./rt-thread/src/scheduler.o
 .text.rt_list_insert_before
                0x00002f26       0x32 ./rt-thread/src/scheduler.o
 .text.rt_list_remove
                0x00002f58       0x36 ./rt-thread/src/scheduler.o
 .text.rt_list_isempty
                0x00002f8e       0x24 ./rt-thread/src/scheduler.o
 *fill*         0x00002fb2        0x2 ff
 .text._rt_scheduler_stack_check
                0x00002fb4       0x94 ./rt-thread/src/scheduler.o
 .text._scheduler_get_highest_priority_thread
                0x00003048       0x38 ./rt-thread/src/scheduler.o
 .text.rt_system_scheduler_init
                0x00003080       0x38 ./rt-thread/src/scheduler.o
                0x00003080                rt_system_scheduler_init
 .text.rt_system_scheduler_start
                0x000030b8       0x38 ./rt-thread/src/scheduler.o
                0x000030b8                rt_system_scheduler_start
 .text.rt_schedule
                0x000030f0      0x19c ./rt-thread/src/scheduler.o
                0x000030f0                rt_schedule
 .text.rt_schedule_insert_thread
                0x0000328c       0xac ./rt-thread/src/scheduler.o
                0x0000328c                rt_schedule_insert_thread
 .text.rt_schedule_remove_thread
                0x00003338       0x70 ./rt-thread/src/scheduler.o
                0x00003338                rt_schedule_remove_thread
 .text.rt_enter_critical
                0x000033a8       0x2c ./rt-thread/src/scheduler.o
                0x000033a8                rt_enter_critical
 .text.rt_exit_critical
                0x000033d4       0x54 ./rt-thread/src/scheduler.o
                0x000033d4                rt_exit_critical
 .text.rt_critical_level
                0x00003428       0x1c ./rt-thread/src/scheduler.o
                0x00003428                rt_critical_level
 .text.rt_list_init
                0x00003444       0x22 ./rt-thread/src/thread.o
 .text.rt_list_remove
                0x00003466       0x36 ./rt-thread/src/thread.o
 .text._thread_exit
                0x0000349c       0x42 ./rt-thread/src/thread.o
 *fill*         0x000034de        0x2 ff
 .text._thread_timeout
                0x000034e0       0x8c ./rt-thread/src/thread.o
 .text._thread_init
                0x0000356c      0x104 ./rt-thread/src/thread.o
 .text.rt_thread_init
                0x00003670       0x70 ./rt-thread/src/thread.o
                0x00003670                rt_thread_init
 .text.rt_thread_self
                0x000036e0       0x18 ./rt-thread/src/thread.o
                0x000036e0                rt_thread_self
 .text.rt_thread_startup
                0x000036f8       0x94 ./rt-thread/src/thread.o
                0x000036f8                rt_thread_startup
 .text.rt_thread_detach
                0x0000378c       0xb0 ./rt-thread/src/thread.o
                0x0000378c                rt_thread_detach
 .text.rt_thread_create
                0x0000383c       0x62 ./rt-thread/src/thread.o
                0x0000383c                rt_thread_create
 *fill*         0x0000389e        0x2 ff
 .text.rt_thread_delete
                0x000038a0       0xb0 ./rt-thread/src/thread.o
                0x000038a0                rt_thread_delete
 .text.rt_thread_sleep
                0x00003950       0x94 ./rt-thread/src/thread.o
                0x00003950                rt_thread_sleep
 .text.rt_thread_delay
                0x000039e4       0x18 ./rt-thread/src/thread.o
                0x000039e4                rt_thread_delay
 .text.rt_thread_mdelay
                0x000039fc       0x20 ./rt-thread/src/thread.o
                0x000039fc                rt_thread_mdelay
 .text.rt_thread_control
                0x00003a1c       0xfc ./rt-thread/src/thread.o
                0x00003a1c                rt_thread_control
 .text.rt_thread_suspend
                0x00003b18       0xc8 ./rt-thread/src/thread.o
                0x00003b18                rt_thread_suspend
 .text.rt_thread_resume
                0x00003be0       0x98 ./rt-thread/src/thread.o
                0x00003be0                rt_thread_resume
 .text.rt_list_init
                0x00003c78       0x22 ./rt-thread/src/timer.o
 .text.rt_list_insert_after
                0x00003c9a       0x32 ./rt-thread/src/timer.o
 .text.rt_list_remove
                0x00003ccc       0x36 ./rt-thread/src/timer.o
 .text.rt_list_isempty
                0x00003d02       0x24 ./rt-thread/src/timer.o
 .text._timer_init
                0x00003d26       0x6a ./rt-thread/src/timer.o
 .text._timer_list_next_timeout
                0x00003d90       0x3e ./rt-thread/src/timer.o
 .text._timer_remove
                0x00003dce       0x36 ./rt-thread/src/timer.o
 .text.rt_timer_init
                0x00003e04       0x7c ./rt-thread/src/timer.o
                0x00003e04                rt_timer_init
 .text.rt_timer_detach
                0x00003e80       0x90 ./rt-thread/src/timer.o
                0x00003e80                rt_timer_detach
 .text.rt_timer_start
                0x00003f10      0x224 ./rt-thread/src/timer.o
                0x00003f10                rt_timer_start
 .text.rt_timer_stop
                0x00004134       0x94 ./rt-thread/src/timer.o
                0x00004134                rt_timer_stop
 .text.rt_timer_control
                0x000041c8       0xdc ./rt-thread/src/timer.o
                0x000041c8                rt_timer_control
 .text.rt_timer_check
                0x000042a4      0x108 ./rt-thread/src/timer.o
                0x000042a4                rt_timer_check
 .text.rt_soft_timer_check
                0x000043ac      0x11c ./rt-thread/src/timer.o
                0x000043ac                rt_soft_timer_check
 .text._timer_thread_entry
                0x000044c8       0x58 ./rt-thread/src/timer.o
 .text.rt_system_timer_init
                0x00004520       0x34 ./rt-thread/src/timer.o
                0x00004520                rt_system_timer_init
 .text.rt_system_timer_thread_init
                0x00004554       0x68 ./rt-thread/src/timer.o
                0x00004554                rt_system_timer_thread_init
 .text          0x000045bc      0x13c ./rt-thread/libcpu/arm/cortex-m4/context_gcc.o
                0x000045bc                rt_hw_interrupt_disable
                0x000045c4                rt_hw_interrupt_enable
                0x000045ca                rt_hw_context_switch_interrupt
                0x000045ca                rt_hw_context_switch
                0x000045ea                PendSV_Handler
                0x00004656                rt_hw_context_switch_to
                0x0000469c                rt_hw_interrupt_thread_switch
                0x000046a0                HardFault_Handler
 .text.rt_hw_stack_init
                0x000046f8       0x90 ./rt-thread/libcpu/arm/cortex-m4/cpuport.o
                0x000046f8                rt_hw_stack_init
 .text.usage_fault_track
                0x00004788       0xc4 ./rt-thread/libcpu/arm/cortex-m4/cpuport.o
 .text.bus_fault_track
                0x0000484c       0xcc ./rt-thread/libcpu/arm/cortex-m4/cpuport.o
 .text.mem_manage_fault_track
                0x00004918       0xb4 ./rt-thread/libcpu/arm/cortex-m4/cpuport.o
 .text.hard_fault_track
                0x000049cc       0x78 ./rt-thread/libcpu/arm/cortex-m4/cpuport.o
 .text.rt_hw_hard_fault_exception
                0x00004a44      0x184 ./rt-thread/libcpu/arm/cortex-m4/cpuport.o
                0x00004a44                rt_hw_hard_fault_exception
 .text.__rt_ffs
                0x00004bc8       0x2a ./rt-thread/libcpu/arm/cortex-m4/cpuport.o
                0x00004bc8                __rt_ffs
 .text.__errno  0x00004bf2        0xe ./rt-thread/components/libc/compilers/newlib/syscalls.o
                0x00004bf2                __errno
 .text.rt_list_isempty
                0x00004c00       0x24 ./rt-thread/components/finsh/cmd.o
 .text.rt_list_len
                0x00004c24       0x36 ./rt-thread/components/finsh/cmd.o
 *fill*         0x00004c5a        0x2 ff
 .text.hello    0x00004c5c       0x14 ./rt-thread/components/finsh/cmd.o
                0x00004c5c                hello
 .text.clear    0x00004c70       0x14 ./rt-thread/components/finsh/cmd.o
 .text.version  0x00004c84        0xe ./rt-thread/components/finsh/cmd.o
                0x00004c84                version
 *fill*         0x00004c92        0x2 ff
 .text.object_split
                0x00004c94       0x28 ./rt-thread/components/finsh/cmd.o
 .text.list_find_init
                0x00004cbc       0x46 ./rt-thread/components/finsh/cmd.o
 .text.list_get_next
                0x00004d02       0xc6 ./rt-thread/components/finsh/cmd.o
 .text.list_thread
                0x00004dc8      0x208 ./rt-thread/components/finsh/cmd.o
                0x00004dc8                list_thread
 .text.show_wait_queue
                0x00004fd0       0x54 ./rt-thread/components/finsh/cmd.o
 .text.list_sem
                0x00005024      0x12c ./rt-thread/components/finsh/cmd.o
                0x00005024                list_sem
 .text.list_event
                0x00005150      0x118 ./rt-thread/components/finsh/cmd.o
                0x00005150                list_event
 .text.list_mutex
                0x00005268       0xe8 ./rt-thread/components/finsh/cmd.o
                0x00005268                list_mutex
 .text.list_mailbox
                0x00005350      0x13c ./rt-thread/components/finsh/cmd.o
                0x00005350                list_mailbox
 .text.list_msgqueue
                0x0000548c      0x12c ./rt-thread/components/finsh/cmd.o
                0x0000548c                list_msgqueue
 .text.list_timer
                0x000055b8      0x128 ./rt-thread/components/finsh/cmd.o
                0x000055b8                list_timer
 .text.list_device
                0x000056e0       0xf0 ./rt-thread/components/finsh/cmd.o
                0x000056e0                list_device
 .text.list     0x000057d0       0x6c ./rt-thread/components/finsh/cmd.o
                0x000057d0                list
 .text.msh_help
                0x0000583c       0x5c ./rt-thread/components/finsh/msh.o
                0x0000583c                msh_help
 .text.cmd_ps   0x00005898       0x18 ./rt-thread/components/finsh/msh.o
                0x00005898                cmd_ps
 .text.cmd_free
                0x000058b0       0x5c ./rt-thread/components/finsh/msh.o
                0x000058b0                cmd_free
 .text.msh_split
                0x0000590c      0x170 ./rt-thread/components/finsh/msh.o
 .text.msh_get_cmd
                0x00005a7c       0x64 ./rt-thread/components/finsh/msh.o
 .text._msh_exec_cmd
                0x00005ae0       0xd4 ./rt-thread/components/finsh/msh.o
 .text.msh_exec
                0x00005bb4       0x8c ./rt-thread/components/finsh/msh.o
                0x00005bb4                msh_exec
 .text.str_common
                0x00005c40       0x4a ./rt-thread/components/finsh/msh.o
 *fill*         0x00005c8a        0x2 ff
 .text.msh_auto_complete
                0x00005c8c       0xb0 ./rt-thread/components/finsh/msh.o
                0x00005c8c                msh_auto_complete
 .text.finsh_get_prompt
                0x00005d3c       0x7c ./rt-thread/components/finsh/shell.o
                0x00005d3c                finsh_get_prompt
 .text.finsh_set_prompt_mode
                0x00005db8       0x48 ./rt-thread/components/finsh/shell.o
                0x00005db8                finsh_set_prompt_mode
 .text.finsh_getchar
                0x00005e00       0x6c ./rt-thread/components/finsh/shell.o
                0x00005e00                finsh_getchar
 .text.finsh_rx_ind
                0x00005e6c       0x3c ./rt-thread/components/finsh/shell.o
 .text.finsh_set_device
                0x00005ea8       0xd8 ./rt-thread/components/finsh/shell.o
                0x00005ea8                finsh_set_device
 .text.shell_auto_complete
                0x00005f80       0x34 ./rt-thread/components/finsh/shell.o
 .text.shell_handle_history
                0x00005fb4       0x34 ./rt-thread/components/finsh/shell.o
 .text.shell_push_history
                0x00005fe8      0x15e ./rt-thread/components/finsh/shell.o
 *fill*         0x00006146        0x2 ff
 .text.finsh_thread_entry
                0x00006148      0x5cc ./rt-thread/components/finsh/shell.o
                0x00006148                finsh_thread_entry
 .text.finsh_system_function_init
                0x00006714       0x2c ./rt-thread/components/finsh/shell.o
                0x00006714                finsh_system_function_init
 .text.finsh_system_init
                0x00006740       0x9c ./rt-thread/components/finsh/shell.o
                0x00006740                finsh_system_init
 .text.rt_serial_get_linear_buffer
                0x000067dc       0x8c ./rt-thread/components/drivers/serial/serial_v2.o
 .text.rt_serial_update_read_index
                0x00006868       0xcc ./rt-thread/components/drivers/serial/serial_v2.o
 .text.rt_serial_update_write_index
                0x00006934       0xe8 ./rt-thread/components/drivers/serial/serial_v2.o
 .text._serial_poll_rx
                0x00006a1c       0xa4 ./rt-thread/components/drivers/serial/serial_v2.o
                0x00006a1c                _serial_poll_rx
 .text._serial_poll_tx
                0x00006ac0       0x9c ./rt-thread/components/drivers/serial/serial_v2.o
                0x00006ac0                _serial_poll_tx
 .text._serial_fifo_rx
                0x00006b5c       0xf4 ./rt-thread/components/drivers/serial/serial_v2.o
 .text._serial_fifo_tx_blocking_nbuf
                0x00006c50       0xb0 ./rt-thread/components/drivers/serial/serial_v2.o
 .text._serial_fifo_tx_blocking_buf
                0x00006d00       0xf0 ./rt-thread/components/drivers/serial/serial_v2.o
 .text._serial_fifo_tx_nonblocking
                0x00006df0       0xd4 ./rt-thread/components/drivers/serial/serial_v2.o
 .text.rt_serial_tx_enable
                0x00006ec4      0x1e8 ./rt-thread/components/drivers/serial/serial_v2.o
 .text.rt_serial_rx_enable
                0x000070ac      0x15c ./rt-thread/components/drivers/serial/serial_v2.o
 .text.rt_serial_rx_disable
                0x00007208       0xb4 ./rt-thread/components/drivers/serial/serial_v2.o
 .text.rt_serial_tx_disable
                0x000072bc       0xc0 ./rt-thread/components/drivers/serial/serial_v2.o
 .text.rt_serial_init
                0x0000737c       0x5c ./rt-thread/components/drivers/serial/serial_v2.o
 .text.rt_serial_open
                0x000073d8       0xf4 ./rt-thread/components/drivers/serial/serial_v2.o
 .text.rt_serial_close
                0x000074cc       0x90 ./rt-thread/components/drivers/serial/serial_v2.o
 .text.rt_serial_control
                0x0000755c       0xb8 ./rt-thread/components/drivers/serial/serial_v2.o
 .text.rt_hw_serial_register
                0x00007614       0x94 ./rt-thread/components/drivers/serial/serial_v2.o
                0x00007614                rt_hw_serial_register
 .text.rt_hw_serial_isr
                0x000076a8      0x210 ./rt-thread/components/drivers/serial/serial_v2.o
                0x000076a8                rt_hw_serial_isr
 .text.rt_sensor_cb
                0x000078b8       0x84 ./rt-thread/components/drivers/sensors/sensor.o
                0x000078b8                rt_sensor_cb
 .text.irq_callback
                0x0000793c       0x54 ./rt-thread/components/drivers/sensors/sensor.o
 .text.rt_sensor_irq_init
                0x00007990       0xc4 ./rt-thread/components/drivers/sensors/sensor.o
 .text.local_fetch_data
                0x00007a54       0x1a ./rt-thread/components/drivers/sensors/sensor.o
 .text.local_control
                0x00007a6e       0x1a ./rt-thread/components/drivers/sensors/sensor.o
 .text.rt_sensor_open
                0x00007a88      0x188 ./rt-thread/components/drivers/sensors/sensor.o
 .text.rt_sensor_close
                0x00007c10      0x168 ./rt-thread/components/drivers/sensors/sensor.o
 .text.rt_sensor_read
                0x00007d78       0xe8 ./rt-thread/components/drivers/sensors/sensor.o
 .text.rt_sensor_control
                0x00007e60      0x16c ./rt-thread/components/drivers/sensors/sensor.o
 .text.rt_hw_sensor_register
                0x00007fcc      0x1c0 ./rt-thread/components/drivers/sensors/sensor.o
                0x00007fcc                rt_hw_sensor_register
 .text.sensor_show_data
                0x0000818c      0x408 ./rt-thread/components/drivers/sensors/sensor_cmd.o
 .text.rx_callback
                0x00008594       0x24 ./rt-thread/components/drivers/sensors/sensor_cmd.o
 .text.sensor_fifo_rx_entry
                0x000085b8       0xb0 ./rt-thread/components/drivers/sensors/sensor_cmd.o
 .text.sensor_fifo
                0x00008668      0x108 ./rt-thread/components/drivers/sensors/sensor_cmd.o
 .text.sensor_irq_rx_entry
                0x00008770       0x50 ./rt-thread/components/drivers/sensors/sensor_cmd.o
 .text.sensor_int
                0x000087c0      0x108 ./rt-thread/components/drivers/sensors/sensor_cmd.o
 .text.sensor_polling
                0x000088c8      0x10c ./rt-thread/components/drivers/sensors/sensor_cmd.o
 .text.sensor   0x000089d4      0x5f0 ./rt-thread/components/drivers/sensors/sensor_cmd.o
 .text._adc_read
                0x00008fc4       0x5c ./rt-thread/components/drivers/misc/adc.o
 .text._adc_control
                0x00009020       0x5c ./rt-thread/components/drivers/misc/adc.o
 .text.rt_hw_adc_register
                0x0000907c       0x94 ./rt-thread/components/drivers/misc/adc.o
                0x0000907c                rt_hw_adc_register
 .text.rt_adc_read
                0x00009110       0x3c ./rt-thread/components/drivers/misc/adc.o
                0x00009110                rt_adc_read
 .text.rt_adc_enable
                0x0000914c       0x54 ./rt-thread/components/drivers/misc/adc.o
                0x0000914c                rt_adc_enable
 .text.rt_adc_disable
                0x000091a0       0x54 ./rt-thread/components/drivers/misc/adc.o
                0x000091a0                rt_adc_disable
 .text.adc      0x000091f4      0x23c ./rt-thread/components/drivers/misc/adc.o
 .text._pin_read
                0x00009430       0x60 ./rt-thread/components/drivers/misc/pin.o
 .text._pin_write
                0x00009490       0x5c ./rt-thread/components/drivers/misc/pin.o
 .text._pin_control
                0x000094ec       0x58 ./rt-thread/components/drivers/misc/pin.o
 .text.rt_device_pin_register
                0x00009544       0x74 ./rt-thread/components/drivers/misc/pin.o
                0x00009544                rt_device_pin_register
 .text.rt_pin_attach_irq
                0x000095b8       0x5c ./rt-thread/components/drivers/misc/pin.o
                0x000095b8                rt_pin_attach_irq
 .text.rt_pin_irq_enable
                0x00009614       0x50 ./rt-thread/components/drivers/misc/pin.o
                0x00009614                rt_pin_irq_enable
 .text.rt_pin_mode
                0x00009664       0x40 ./rt-thread/components/drivers/misc/pin.o
                0x00009664                rt_pin_mode
 .text.rt_pin_write
                0x000096a4       0x40 ./rt-thread/components/drivers/misc/pin.o
                0x000096a4                rt_pin_write
 .text.rt_pin_read
                0x000096e4       0x3c ./rt-thread/components/drivers/misc/pin.o
                0x000096e4                rt_pin_read
 .text.rt_pin_get
                0x00009720       0x60 ./rt-thread/components/drivers/misc/pin.o
                0x00009720                rt_pin_get
 .text.rt_list_init
                0x00009780       0x22 ./rt-thread/components/drivers/ipc/completion.o
 .text.rt_list_insert_before
                0x000097a2       0x32 ./rt-thread/components/drivers/ipc/completion.o
 .text.rt_list_isempty
                0x000097d4       0x24 ./rt-thread/components/drivers/ipc/completion.o
 .text.rt_completion_init
                0x000097f8       0x44 ./rt-thread/components/drivers/ipc/completion.o
                0x000097f8                rt_completion_init
 .text.rt_completion_wait
                0x0000983c      0x15c ./rt-thread/components/drivers/ipc/completion.o
                0x0000983c                rt_completion_wait
 .text.rt_completion_done
                0x00009998       0x70 ./rt-thread/components/drivers/ipc/completion.o
                0x00009998                rt_completion_done
 .text.rt_ringbuffer_status
                0x00009a08       0x4e ./rt-thread/components/drivers/ipc/ringbuffer.o
 *fill*         0x00009a56        0x2 ff
 .text.rt_ringbuffer_init
                0x00009a58       0xa0 ./rt-thread/components/drivers/ipc/ringbuffer.o
                0x00009a58                rt_ringbuffer_init
 .text.rt_ringbuffer_put
                0x00009af8      0x16c ./rt-thread/components/drivers/ipc/ringbuffer.o
                0x00009af8                rt_ringbuffer_put
 .text.rt_ringbuffer_get
                0x00009c64      0x15c ./rt-thread/components/drivers/ipc/ringbuffer.o
                0x00009c64                rt_ringbuffer_get
 .text.rt_ringbuffer_putchar
                0x00009dc0       0xbc ./rt-thread/components/drivers/ipc/ringbuffer.o
                0x00009dc0                rt_ringbuffer_putchar
 .text.rt_ringbuffer_data_len
                0x00009e7c       0x66 ./rt-thread/components/drivers/ipc/ringbuffer.o
                0x00009e7c                rt_ringbuffer_data_len
 .text.i2c_delay
                0x00009ee2       0x20 ./rt-thread/components/drivers/i2c/i2c-bit-ops.o
 .text.i2c_delay2
                0x00009f02       0x1c ./rt-thread/components/drivers/i2c/i2c-bit-ops.o
 .text.SCL_H    0x00009f1e       0x72 ./rt-thread/components/drivers/i2c/i2c-bit-ops.o
 .text.i2c_start
                0x00009f90       0x32 ./rt-thread/components/drivers/i2c/i2c-bit-ops.o
 .text.i2c_restart
                0x00009fc2       0x4c ./rt-thread/components/drivers/i2c/i2c-bit-ops.o
 .text.i2c_stop
                0x0000a00e       0x44 ./rt-thread/components/drivers/i2c/i2c-bit-ops.o
 *fill*         0x0000a052        0x2 ff
 .text.i2c_waitack
                0x0000a054       0x80 ./rt-thread/components/drivers/i2c/i2c-bit-ops.o
 .text.i2c_writeb
                0x0000a0d4       0x8c ./rt-thread/components/drivers/i2c/i2c-bit-ops.o
 .text.i2c_readb
                0x0000a160       0x88 ./rt-thread/components/drivers/i2c/i2c-bit-ops.o
 .text.i2c_send_bytes
                0x0000a1e8       0x98 ./rt-thread/components/drivers/i2c/i2c-bit-ops.o
 .text.i2c_send_ack_or_nack
                0x0000a280       0x74 ./rt-thread/components/drivers/i2c/i2c-bit-ops.o
 .text.i2c_recv_bytes
                0x0000a2f4       0x7c ./rt-thread/components/drivers/i2c/i2c-bit-ops.o
 .text.i2c_send_address
                0x0000a370       0x62 ./rt-thread/components/drivers/i2c/i2c-bit-ops.o
 *fill*         0x0000a3d2        0x2 ff
 .text.i2c_bit_send_address
                0x0000a3d4      0x164 ./rt-thread/components/drivers/i2c/i2c-bit-ops.o
 .text.i2c_bit_xfer
                0x0000a538      0x106 ./rt-thread/components/drivers/i2c/i2c-bit-ops.o
 *fill*         0x0000a63e        0x2 ff
 .text.rt_i2c_bit_add_bus
                0x0000a640       0x28 ./rt-thread/components/drivers/i2c/i2c-bit-ops.o
                0x0000a640                rt_i2c_bit_add_bus
 .text.rt_i2c_bus_device_register
                0x0000a668       0x64 ./rt-thread/components/drivers/i2c/i2c_core.o
                0x0000a668                rt_i2c_bus_device_register
 .text.rt_i2c_transfer
                0x0000a6cc       0x6c ./rt-thread/components/drivers/i2c/i2c_core.o
                0x0000a6cc                rt_i2c_transfer
 .text.rt_i2c_control
                0x0000a738       0x54 ./rt-thread/components/drivers/i2c/i2c_core.o
                0x0000a738                rt_i2c_control
 .text.rt_i2c_master_send
                0x0000a78c       0x4a ./rt-thread/components/drivers/i2c/i2c_core.o
                0x0000a78c                rt_i2c_master_send
 *fill*         0x0000a7d6        0x2 ff
 .text.rt_i2c_master_recv
                0x0000a7d8       0x68 ./rt-thread/components/drivers/i2c/i2c_core.o
                0x0000a7d8                rt_i2c_master_recv
 .text.rt_i2c_core_init
                0x0000a840       0x10 ./rt-thread/components/drivers/i2c/i2c_core.o
                0x0000a840                rt_i2c_core_init
 .text.i2c_bus_device_read
                0x0000a850       0x64 ./rt-thread/components/drivers/i2c/i2c_dev.o
 .text.i2c_bus_device_write
                0x0000a8b4       0x64 ./rt-thread/components/drivers/i2c/i2c_dev.o
 .text.i2c_bus_device_control
                0x0000a918       0xc4 ./rt-thread/components/drivers/i2c/i2c_dev.o
 .text.rt_i2c_bus_device_device_init
                0x0000a9dc       0x78 ./rt-thread/components/drivers/i2c/i2c_dev.o
                0x0000a9dc                rt_i2c_bus_device_device_init
 .text.main     0x0000aa54        0xe ./ra_gen/main.o
                0x0000aa54                main
 .text.R_FSP_CurrentIrqGet
                0x0000aa62       0x2c ./ra/fsp/src/r_sci_uart/r_sci_uart.o
 *fill*         0x0000aa8e        0x2 ff
 .text.R_FSP_IsrContextSet
                0x0000aa90       0x28 ./ra/fsp/src/r_sci_uart/r_sci_uart.o
 .text.R_BSP_IrqStatusClear
                0x0000aab8       0x30 ./ra/fsp/src/r_sci_uart/r_sci_uart.o
 .text.R_BSP_IrqClearPending
                0x0000aae8       0x40 ./ra/fsp/src/r_sci_uart/r_sci_uart.o
 .text.R_BSP_IrqCfg
                0x0000ab28       0x3c ./ra/fsp/src/r_sci_uart/r_sci_uart.o
 .text.R_BSP_IrqEnableNoClear
                0x0000ab64       0x38 ./ra/fsp/src/r_sci_uart/r_sci_uart.o
 .text.R_BSP_IrqEnable
                0x0000ab9c       0x26 ./ra/fsp/src/r_sci_uart/r_sci_uart.o
 *fill*         0x0000abc2        0x2 ff
 .text.R_BSP_IrqDisable
                0x0000abc4       0x48 ./ra/fsp/src/r_sci_uart/r_sci_uart.o
 .text.R_FSP_IsrContextGet
                0x0000ac0c       0x24 ./ra/fsp/src/r_sci_uart/r_sci_uart.o
 .text.R_SCI_UART_Open
                0x0000ac30      0x1ac ./ra/fsp/src/r_sci_uart/r_sci_uart.o
                0x0000ac30                R_SCI_UART_Open
 .text.r_sci_uart_config_set
                0x0000addc      0x120 ./ra/fsp/src/r_sci_uart/r_sci_uart.o
 .text.r_sci_irq_cfg
                0x0000aefc       0x3a ./ra/fsp/src/r_sci_uart/r_sci_uart.o
 .text.r_sci_irqs_cfg
                0x0000af36       0x5a ./ra/fsp/src/r_sci_uart/r_sci_uart.o
 .text.r_sci_uart_baud_set
                0x0000af90       0x58 ./ra/fsp/src/r_sci_uart/r_sci_uart.o
 .text.r_sci_uart_call_callback
                0x0000afe8       0x76 ./ra/fsp/src/r_sci_uart/r_sci_uart.o
 .text.sci_uart_txi_isr
                0x0000b05e       0xd0 ./ra/fsp/src/r_sci_uart/r_sci_uart.o
                0x0000b05e                sci_uart_txi_isr
 .text.sci_uart_rxi_isr
                0x0000b12e       0xbc ./ra/fsp/src/r_sci_uart/r_sci_uart.o
                0x0000b12e                sci_uart_rxi_isr
 .text.sci_uart_tei_isr
                0x0000b1ea       0x4a ./ra/fsp/src/r_sci_uart/r_sci_uart.o
                0x0000b1ea                sci_uart_tei_isr
 .text.sci_uart_eri_isr
                0x0000b234       0xa8 ./ra/fsp/src/r_sci_uart/r_sci_uart.o
                0x0000b234                sci_uart_eri_isr
 .text.R_BSP_PinRead
                0x0000b2dc       0x38 ./ra/fsp/src/r_ioport/r_ioport.o
 .text.R_BSP_PinAccessEnable
                0x0000b314       0x60 ./ra/fsp/src/r_ioport/r_ioport.o
 .text.R_BSP_PinAccessDisable
                0x0000b374       0x68 ./ra/fsp/src/r_ioport/r_ioport.o
 .text.R_IOPORT_Open
                0x0000b3dc       0x28 ./ra/fsp/src/r_ioport/r_ioport.o
                0x0000b3dc                R_IOPORT_Open
 .text.R_IOPORT_Close
                0x0000b404       0x20 ./ra/fsp/src/r_ioport/r_ioport.o
                0x0000b404                R_IOPORT_Close
 .text.R_IOPORT_PinsCfg
                0x0000b424       0x1a ./ra/fsp/src/r_ioport/r_ioport.o
                0x0000b424                R_IOPORT_PinsCfg
 .text.R_IOPORT_PinCfg
                0x0000b43e       0x46 ./ra/fsp/src/r_ioport/r_ioport.o
                0x0000b43e                R_IOPORT_PinCfg
 .text.R_IOPORT_PinRead
                0x0000b484       0x28 ./ra/fsp/src/r_ioport/r_ioport.o
                0x0000b484                R_IOPORT_PinRead
 .text.R_IOPORT_PortRead
                0x0000b4ac       0x3a ./ra/fsp/src/r_ioport/r_ioport.o
                0x0000b4ac                R_IOPORT_PortRead
 .text.R_IOPORT_PortWrite
                0x0000b4e6       0x62 ./ra/fsp/src/r_ioport/r_ioport.o
                0x0000b4e6                R_IOPORT_PortWrite
 .text.R_IOPORT_PinWrite
                0x0000b548       0x6e ./ra/fsp/src/r_ioport/r_ioport.o
                0x0000b548                R_IOPORT_PinWrite
 .text.R_IOPORT_PortDirectionSet
                0x0000b5b6       0x72 ./ra/fsp/src/r_ioport/r_ioport.o
                0x0000b5b6                R_IOPORT_PortDirectionSet
 .text.R_IOPORT_PortEventInputRead
                0x0000b628       0x3e ./ra/fsp/src/r_ioport/r_ioport.o
                0x0000b628                R_IOPORT_PortEventInputRead
 .text.R_IOPORT_PinEventInputRead
                0x0000b666       0x62 ./ra/fsp/src/r_ioport/r_ioport.o
                0x0000b666                R_IOPORT_PinEventInputRead
 .text.R_IOPORT_PortEventOutputWrite
                0x0000b6c8       0x62 ./ra/fsp/src/r_ioport/r_ioport.o
                0x0000b6c8                R_IOPORT_PortEventOutputWrite
 .text.R_IOPORT_PinEventOutputWrite
                0x0000b72a       0x5e ./ra/fsp/src/r_ioport/r_ioport.o
                0x0000b72a                R_IOPORT_PinEventOutputWrite
 .text.R_IOPORT_EthernetModeCfg
                0x0000b788       0x28 ./ra/fsp/src/r_ioport/r_ioport.o
                0x0000b788                R_IOPORT_EthernetModeCfg
 .text.r_ioport_pins_config
                0x0000b7b0       0x56 ./ra/fsp/src/r_ioport/r_ioport.o
 .text.r_ioport_hw_pin_event_output_data_write
                0x0000b806       0x88 ./ra/fsp/src/r_ioport/r_ioport.o
 *fill*         0x0000b88e        0x2 ff
 .text.r_ioport_pfs_write
                0x0000b890       0x78 ./ra/fsp/src/r_ioport/r_ioport.o
 .text.bsp_vbatt_init
                0x0000b908       0xd8 ./ra/fsp/src/r_ioport/r_ioport.o
 .text.R_FSP_CurrentIrqGet
                0x0000b9e0       0x2c ./ra/fsp/src/r_icu/r_icu.o
 .text.R_FSP_IsrContextSet
                0x0000ba0c       0x28 ./ra/fsp/src/r_icu/r_icu.o
 .text.R_BSP_IrqStatusClear
                0x0000ba34       0x30 ./ra/fsp/src/r_icu/r_icu.o
 .text.R_BSP_IrqClearPending
                0x0000ba64       0x40 ./ra/fsp/src/r_icu/r_icu.o
 .text.R_BSP_IrqCfg
                0x0000baa4       0x3c ./ra/fsp/src/r_icu/r_icu.o
 .text.R_BSP_IrqEnableNoClear
                0x0000bae0       0x38 ./ra/fsp/src/r_icu/r_icu.o
 .text.R_BSP_IrqEnable
                0x0000bb18       0x26 ./ra/fsp/src/r_icu/r_icu.o
 *fill*         0x0000bb3e        0x2 ff
 .text.R_BSP_IrqDisable
                0x0000bb40       0x48 ./ra/fsp/src/r_icu/r_icu.o
 .text.R_FSP_IsrContextGet
                0x0000bb88       0x24 ./ra/fsp/src/r_icu/r_icu.o
 .text.R_ICU_ExternalIrqOpen
                0x0000bbac       0xcc ./ra/fsp/src/r_icu/r_icu.o
                0x0000bbac                R_ICU_ExternalIrqOpen
 .text.R_ICU_ExternalIrqEnable
                0x0000bc78       0x22 ./ra/fsp/src/r_icu/r_icu.o
                0x0000bc78                R_ICU_ExternalIrqEnable
 .text.R_ICU_ExternalIrqDisable
                0x0000bc9a       0x22 ./ra/fsp/src/r_icu/r_icu.o
                0x0000bc9a                R_ICU_ExternalIrqDisable
 .text.R_ICU_ExternalIrqClose
                0x0000bcbc       0x40 ./ra/fsp/src/r_icu/r_icu.o
                0x0000bcbc                R_ICU_ExternalIrqClose
 .text.r_icu_isr
                0x0000bcfc       0x80 ./ra/fsp/src/r_icu/r_icu.o
                0x0000bcfc                r_icu_isr
 .text.R_FSP_SystemClockHzGet
                0x0000bd7c       0x4c ./ra/fsp/src/r_adc/r_adc.o
 .text.R_FSP_IsrContextSet
                0x0000bdc8       0x28 ./ra/fsp/src/r_adc/r_adc.o
 .text.R_BSP_IrqStatusClear
                0x0000bdf0       0x30 ./ra/fsp/src/r_adc/r_adc.o
 .text.R_BSP_IrqClearPending
                0x0000be20       0x40 ./ra/fsp/src/r_adc/r_adc.o
 .text.R_BSP_IrqCfg
                0x0000be60       0x3c ./ra/fsp/src/r_adc/r_adc.o
 .text.R_BSP_IrqEnableNoClear
                0x0000be9c       0x38 ./ra/fsp/src/r_adc/r_adc.o
 .text.R_BSP_IrqEnable
                0x0000bed4       0x26 ./ra/fsp/src/r_adc/r_adc.o
 .text.R_BSP_IrqCfgEnable
                0x0000befa       0x2e ./ra/fsp/src/r_adc/r_adc.o
 .text.R_ADC_Open
                0x0000bf28       0xbc ./ra/fsp/src/r_adc/r_adc.o
                0x0000bf28                R_ADC_Open
 .text.R_ADC_ScanCfg
                0x0000bfe4       0x30 ./ra/fsp/src/r_adc/r_adc.o
                0x0000bfe4                R_ADC_ScanCfg
 .text.R_ADC_ScanStart
                0x0000c014       0x24 ./ra/fsp/src/r_adc/r_adc.o
                0x0000c014                R_ADC_ScanStart
 .text.R_ADC_ScanStop
                0x0000c038       0x22 ./ra/fsp/src/r_adc/r_adc.o
                0x0000c038                R_ADC_ScanStop
 .text.R_ADC_Read
                0x0000c05a       0x34 ./ra/fsp/src/r_adc/r_adc.o
                0x0000c05a                R_ADC_Read
 .text.R_ADC_Read32
                0x0000c08e       0x5a ./ra/fsp/src/r_adc/r_adc.o
                0x0000c08e                R_ADC_Read32
 .text.r_adc_open_sub
                0x0000c0e8      0x148 ./ra/fsp/src/r_adc/r_adc.o
 .text.r_adc_sensor_cfg
                0x0000c230      0x110 ./ra/fsp/src/r_adc/r_adc.o
 .text.r_adc_sensor_sample_state_calculation
                0x0000c340       0x50 ./ra/fsp/src/r_adc/r_adc.o
 .text.r_adc_scan_cfg
                0x0000c390      0x1e4 ./ra/fsp/src/r_adc/r_adc.o
 .text.r_adc_irq_enable
                0x0000c574       0x2e ./ra/fsp/src/r_adc/r_adc.o
 *fill*         0x0000c5a2        0x2 ff
 .text.R_BSP_FlashCacheEnable
                0x0000c5a4       0x40 ./ra/fsp/src/bsp/mcu/all/bsp_clocks.o
 .text.SystemCoreClockUpdate
                0x0000c5e4       0x40 ./ra/fsp/src/bsp/mcu/all/bsp_clocks.o
                0x0000c5e4                SystemCoreClockUpdate
 .text.bsp_prv_clock_set_hard_reset
                0x0000c624       0x30 ./ra/fsp/src/bsp/mcu/all/bsp_clocks.o
 .text.bsp_clock_freq_var_init
                0x0000c654       0x48 ./ra/fsp/src/bsp/mcu/all/bsp_clocks.o
 .text.bsp_clock_init
                0x0000c69c       0xa4 ./ra/fsp/src/bsp/mcu/all/bsp_clocks.o
                0x0000c69c                bsp_clock_init
 .text.bsp_init_internal
                0x0000c740       0x14 ./ra/fsp/src/bsp/mcu/all/bsp_common.o
                0x0000c740                bsp_init_internal
                0x0000c740                bsp_init
 .text.bsp_group_irq_call
                0x0000c754       0x30 ./ra/fsp/src/bsp/mcu/all/bsp_group_irq.o
 .text.NMI_Handler
                0x0000c784       0x4c ./ra/fsp/src/bsp/mcu/all/bsp_group_irq.o
                0x0000c784                NMI_Handler
 .text.bsp_irq_cfg
                0x0000c7d0      0x104 ./ra/fsp/src/bsp/mcu/all/bsp_irq.o
                0x0000c7d0                bsp_irq_cfg
 .text.R_BSP_RegisterProtectEnable
                0x0000c8d4       0xa0 ./ra/fsp/src/bsp/mcu/all/bsp_register_protection.o
                0x0000c8d4                R_BSP_RegisterProtectEnable
 .text.R_BSP_RegisterProtectDisable
                0x0000c974       0x90 ./ra/fsp/src/bsp/mcu/all/bsp_register_protection.o
                0x0000c974                R_BSP_RegisterProtectDisable
 .text.Reset_Handler
                0x0000ca04        0xe ./ra/fsp/src/bsp/cmsis/Device/RENESAS/Source/startup.o
                0x0000ca04                Reset_Handler
 .text.Default_Handler
                0x0000ca12       0x10 ./ra/fsp/src/bsp/cmsis/Device/RENESAS/Source/startup.o
                0x0000ca12                UsageFault_Handler
                0x0000ca12                SecureFault_Handler
                0x0000ca12                Default_Handler
                0x0000ca12                MemManage_Handler
                0x0000ca12                SVC_Handler
                0x0000ca12                BusFault_Handler
                0x0000ca12                DebugMon_Handler
 *fill*         0x0000ca22        0x2 ff
 .text.SystemInit
                0x0000ca24       0xf0 ./ra/fsp/src/bsp/cmsis/Device/RENESAS/Source/system.o
                0x0000ca24                SystemInit
 .text.mpu6xxx_write_reg
                0x0000cb14       0x68 ./packages/mpu6xxx-latest/src/mpu6xxx.o
 .text.mpu6xxx_read_regs
                0x0000cb7c       0x7e ./packages/mpu6xxx-latest/src/mpu6xxx.o
 .text.mpu6xxx_write_bit
                0x0000cbfa       0x80 ./packages/mpu6xxx-latest/src/mpu6xxx.o
 .text.mpu6xxx_read_bit
                0x0000cc7a       0x4e ./packages/mpu6xxx-latest/src/mpu6xxx.o
 .text.mpu6xxx_write_bits
                0x0000ccc8       0x98 ./packages/mpu6xxx-latest/src/mpu6xxx.o
 .text.mpu6xxx_read_bits
                0x0000cd60       0x7a ./packages/mpu6xxx-latest/src/mpu6xxx.o
 .text.mpu92_mag_write_reg
                0x0000cdda       0x74 ./packages/mpu6xxx-latest/src/mpu6xxx.o
 .text.mpu6xxx_get_accel_raw
                0x0000ce4e       0x70 ./packages/mpu6xxx-latest/src/mpu6xxx.o
 .text.mpu6xxx_get_gyro_raw
                0x0000cebe       0x70 ./packages/mpu6xxx-latest/src/mpu6xxx.o
 .text.mpu6xxx_get_mag_raw
                0x0000cf2e       0x70 ./packages/mpu6xxx-latest/src/mpu6xxx.o
 .text.mpu6xxx_get_temp_raw
                0x0000cf9e       0x44 ./packages/mpu6xxx-latest/src/mpu6xxx.o
 *fill*         0x0000cfe2        0x2 ff
 .text.mpu6xxx_get_param
                0x0000cfe4      0x140 ./packages/mpu6xxx-latest/src/mpu6xxx.o
 .text.mpu6xxx_set_param
                0x0000d124      0x150 ./packages/mpu6xxx-latest/src/mpu6xxx.o
                0x0000d124                mpu6xxx_set_param
 .text.mpu6xxx_get_accel
                0x0000d274       0x88 ./packages/mpu6xxx-latest/src/mpu6xxx.o
                0x0000d274                mpu6xxx_get_accel
 .text.mpu6xxx_get_gyro
                0x0000d2fc       0x82 ./packages/mpu6xxx-latest/src/mpu6xxx.o
                0x0000d2fc                mpu6xxx_get_gyro
 *fill*         0x0000d37e        0x2 ff
 .text.mpu6xxx_get_mag
                0x0000d380       0x98 ./packages/mpu6xxx-latest/src/mpu6xxx.o
                0x0000d380                mpu6xxx_get_mag
 .text.mpu6xxx_get_temp
                0x0000d418       0xbc ./packages/mpu6xxx-latest/src/mpu6xxx.o
                0x0000d418                mpu6xxx_get_temp
 .text.mpu6xxx_init
                0x0000d4d4      0x394 ./packages/mpu6xxx-latest/src/mpu6xxx.o
                0x0000d4d4                mpu6xxx_init
 .text.mpu6xxx_deinit
                0x0000d868       0x30 ./packages/mpu6xxx-latest/src/mpu6xxx.o
                0x0000d868                mpu6xxx_deinit
 .text.mpu6xxx  0x0000d898      0x310 ./packages/mpu6xxx-latest/src/mpu6xxx.o
 .text._mpu6xxx_init
                0x0000dba8       0x26 ./packages/mpu6xxx-latest/src/sensor_inven_mpu6xxx.o
 *fill*         0x0000dbce        0x2 ff
 .text._mpu6xxx_set_range
                0x0000dbd0       0xb8 ./packages/mpu6xxx-latest/src/sensor_inven_mpu6xxx.o
 .text._mpu6xxx_acc_set_mode
                0x0000dc88       0x26 ./packages/mpu6xxx-latest/src/sensor_inven_mpu6xxx.o
 *fill*         0x0000dcae        0x2 ff
 .text._mpu6xxx_set_power
                0x0000dcb0       0x9c ./packages/mpu6xxx-latest/src/sensor_inven_mpu6xxx.o
 .text._mpu6xxx_polling_get_data
                0x0000dd4c      0x13e ./packages/mpu6xxx-latest/src/sensor_inven_mpu6xxx.o
 *fill*         0x0000de8a        0x2 ff
 .text.mpu6xxx_fetch_data
                0x0000de8c       0x44 ./packages/mpu6xxx-latest/src/sensor_inven_mpu6xxx.o
 .text.mpu6xxx_control
                0x0000ded0       0x8c ./packages/mpu6xxx-latest/src/sensor_inven_mpu6xxx.o
 .text.rt_hw_mpu6xxx_init
                0x0000df5c      0x290 ./packages/mpu6xxx-latest/src/sensor_inven_mpu6xxx.o
                0x0000df5c                rt_hw_mpu6xxx_init
 .text.ra_adc_enabled
                0x0000e1ec       0xa8 ./libraries/HAL_Drivers/drv_adc.o
 .text.ra_get_adc_value
                0x0000e294       0x70 ./libraries/HAL_Drivers/drv_adc.o
 .text.ra_adc_init
                0x0000e304       0x78 ./libraries/HAL_Drivers/drv_adc.o
 .text.__NVIC_SetPriority
                0x0000e37c       0x54 ./libraries/HAL_Drivers/drv_common.o
 .text.__NVIC_SystemReset
                0x0000e3d0       0x2c ./libraries/HAL_Drivers/drv_common.o
 .text.SysTick_Config
                0x0000e3fc       0x44 ./libraries/HAL_Drivers/drv_common.o
 .text.reboot   0x0000e440       0x10 ./libraries/HAL_Drivers/drv_common.o
 .text.rt_hw_systick_init
                0x0000e450       0x2c ./libraries/HAL_Drivers/drv_common.o
                0x0000e450                rt_hw_systick_init
 .text.SysTick_Handler
                0x0000e47c       0x14 ./libraries/HAL_Drivers/drv_common.o
                0x0000e47c                SysTick_Handler
 .text.rt_hw_board_init
                0x0000e490       0x34 ./libraries/HAL_Drivers/drv_common.o
                0x0000e490                rt_hw_board_init
 .text.R_BSP_WarmStart
                0x0000e4c4       0x2c ./libraries/HAL_Drivers/drv_common.o
                0x0000e4c4                R_BSP_WarmStart
 .text.R_BSP_PinRead
                0x0000e4f0       0x38 ./libraries/HAL_Drivers/drv_gpio.o
 .text.R_BSP_PinWrite
                0x0000e528       0x68 ./libraries/HAL_Drivers/drv_gpio.o
 .text.R_BSP_PinAccessEnable
                0x0000e590       0x60 ./libraries/HAL_Drivers/drv_gpio.o
 .text.R_BSP_PinAccessDisable
                0x0000e5f0       0x68 ./libraries/HAL_Drivers/drv_gpio.o
 .text.ra_pin_get_irqx
                0x0000e658      0x280 ./libraries/HAL_Drivers/drv_gpio.o
 .text.ra_irq_tab_init
                0x0000e8d8       0x7c ./libraries/HAL_Drivers/drv_gpio.o
 .text.ra_pin_map_init
                0x0000e954       0x28 ./libraries/HAL_Drivers/drv_gpio.o
 .text.ra_pin_mode
                0x0000e97c       0xf8 ./libraries/HAL_Drivers/drv_gpio.o
 .text.ra_pin_write
                0x0000ea74       0x3a ./libraries/HAL_Drivers/drv_gpio.o
 *fill*         0x0000eaae        0x2 ff
 .text.ra_pin_read
                0x0000eab0       0x50 ./libraries/HAL_Drivers/drv_gpio.o
 .text.ra_pin_irq_enable
                0x0000eb00      0x120 ./libraries/HAL_Drivers/drv_gpio.o
 .text.ra_pin_attach_irq
                0x0000ec20      0x12c ./libraries/HAL_Drivers/drv_gpio.o
 .text.ra_pin_dettach_irq
                0x0000ed4c       0xb4 ./libraries/HAL_Drivers/drv_gpio.o
 .text.ra_pin_get
                0x0000ee00       0xce ./libraries/HAL_Drivers/drv_gpio.o
 *fill*         0x0000eece        0x2 ff
 .text.rt_hw_pin_init
                0x0000eed0       0x24 ./libraries/HAL_Drivers/drv_gpio.o
                0x0000eed0                rt_hw_pin_init
 .text.irq0_callback
                0x0000eef4       0x34 ./libraries/HAL_Drivers/drv_gpio.o
                0x0000eef4                irq0_callback
 .text.ra_i2c_gpio_init
                0x0000ef28       0x46 ./libraries/HAL_Drivers/drv_soft_i2c.o
 .text.ra_set_sda
                0x0000ef6e       0x36 ./libraries/HAL_Drivers/drv_soft_i2c.o
 .text.ra_set_scl
                0x0000efa4       0x36 ./libraries/HAL_Drivers/drv_soft_i2c.o
 .text.ra_get_sda
                0x0000efda       0x20 ./libraries/HAL_Drivers/drv_soft_i2c.o
 .text.ra_get_scl
                0x0000effa       0x20 ./libraries/HAL_Drivers/drv_soft_i2c.o
 *fill*         0x0000f01a        0x2 ff
 .text.ra_udelay
                0x0000f01c       0x84 ./libraries/HAL_Drivers/drv_soft_i2c.o
 .text.ra_i2c_bus_unlock
                0x0000f0a0       0x6c ./libraries/HAL_Drivers/drv_soft_i2c.o
 .text.rt_hw_i2c_init
                0x0000f10c       0xe8 ./libraries/HAL_Drivers/drv_soft_i2c.o
                0x0000f10c                rt_hw_i2c_init
 .text.ra_uart_get_config
                0x0000f1f4       0x50 ./libraries/HAL_Drivers/drv_usart_v2.o
 .text.ra_uart_configure
                0x0000f244       0x7c ./libraries/HAL_Drivers/drv_usart_v2.o
 .text.ra_uart_control
                0x0000f2c0       0x1a ./libraries/HAL_Drivers/drv_usart_v2.o
 *fill*         0x0000f2da        0x2 ff
 .text.ra_uart_putc
                0x0000f2dc       0x68 ./libraries/HAL_Drivers/drv_usart_v2.o
 .text.ra_uart_getc
                0x0000f344       0x16 ./libraries/HAL_Drivers/drv_usart_v2.o
 *fill*         0x0000f35a        0x2 ff
 .text.user_uart7_callback
                0x0000f35c       0x78 ./libraries/HAL_Drivers/drv_usart_v2.o
                0x0000f35c                user_uart7_callback
 .text.rt_hw_usart_init
                0x0000f3d4       0xb8 ./libraries/HAL_Drivers/drv_usart_v2.o
                0x0000f3d4                rt_hw_usart_init
 .text.atoi     0x0000f48c        0x8 d:/embedded_development/rt-threadstudio/repo/extract/toolchain_support_packages/arm/gnu_tools_for_arm_embedded_processors/10.2.1/bin/../lib/gcc/arm-none-eabi/10.2.1/../../../../arm-none-eabi/lib/thumb/v8-m.main+fp/hard\libc.a(lib_a-atoi.o)
                0x0000f48c                atoi
 .text.memcmp   0x0000f494       0x60 d:/embedded_development/rt-threadstudio/repo/extract/toolchain_support_packages/arm/gnu_tools_for_arm_embedded_processors/10.2.1/bin/../lib/gcc/arm-none-eabi/10.2.1/../../../../arm-none-eabi/lib/thumb/v8-m.main+fp/hard\libc.a(lib_a-memcmp.o)
                0x0000f494                memcmp
 .text          0x0000f4f4       0xec d:/embedded_development/rt-threadstudio/repo/extract/toolchain_support_packages/arm/gnu_tools_for_arm_embedded_processors/10.2.1/bin/../lib/gcc/arm-none-eabi/10.2.1/../../../../arm-none-eabi/lib/thumb/v8-m.main+fp/hard\libc.a(lib_a-memcpy.o)
                0x0000f4f4                memcpy
 .text.memset   0x0000f5e0       0xa4 d:/embedded_development/rt-threadstudio/repo/extract/toolchain_support_packages/arm/gnu_tools_for_arm_embedded_processors/10.2.1/bin/../lib/gcc/arm-none-eabi/10.2.1/../../../../arm-none-eabi/lib/thumb/v8-m.main+fp/hard\libc.a(lib_a-memset.o)
                0x0000f5e0                memset
 .text.strcat   0x0000f684       0x40 d:/embedded_development/rt-threadstudio/repo/extract/toolchain_support_packages/arm/gnu_tools_for_arm_embedded_processors/10.2.1/bin/../lib/gcc/arm-none-eabi/10.2.1/../../../../arm-none-eabi/lib/thumb/v8-m.main+fp/hard\libc.a(lib_a-strcat.o)
                0x0000f684                strcat
 .text          0x0000f6c4      0x1bc d:/embedded_development/rt-threadstudio/repo/extract/toolchain_support_packages/arm/gnu_tools_for_arm_embedded_processors/10.2.1/bin/../lib/gcc/arm-none-eabi/10.2.1/../../../../arm-none-eabi/lib/thumb/v8-m.main+fp/hard\libc.a(lib_a-strcmp.o)
                0x0000f6c4                strcmp
 .text.strcpy   0x0000f880       0xbc d:/embedded_development/rt-threadstudio/repo/extract/toolchain_support_packages/arm/gnu_tools_for_arm_embedded_processors/10.2.1/bin/../lib/gcc/arm-none-eabi/10.2.1/../../../../arm-none-eabi/lib/thumb/v8-m.main+fp/hard\libc.a(lib_a-strcpy.o)
                0x0000f880                strcpy
 .text.strlen   0x0000f93c       0x5c d:/embedded_development/rt-threadstudio/repo/extract/toolchain_support_packages/arm/gnu_tools_for_arm_embedded_processors/10.2.1/bin/../lib/gcc/arm-none-eabi/10.2.1/../../../../arm-none-eabi/lib/thumb/v8-m.main+fp/hard\libc.a(lib_a-strlen-stub.o)
                0x0000f93c                strlen
 .text.strncmp  0x0000f998       0x78 d:/embedded_development/rt-threadstudio/repo/extract/toolchain_support_packages/arm/gnu_tools_for_arm_embedded_processors/10.2.1/bin/../lib/gcc/arm-none-eabi/10.2.1/../../../../arm-none-eabi/lib/thumb/v8-m.main+fp/hard\libc.a(lib_a-strncmp.o)
                0x0000f998                strncmp
 .text.strncpy  0x0000fa10       0x64 d:/embedded_development/rt-threadstudio/repo/extract/toolchain_support_packages/arm/gnu_tools_for_arm_embedded_processors/10.2.1/bin/../lib/gcc/arm-none-eabi/10.2.1/../../../../arm-none-eabi/lib/thumb/v8-m.main+fp/hard\libc.a(lib_a-strncpy.o)
                0x0000fa10                strncpy
 .text._strtol_l.part.0
                0x0000fa74      0x104 d:/embedded_development/rt-threadstudio/repo/extract/toolchain_support_packages/arm/gnu_tools_for_arm_embedded_processors/10.2.1/bin/../lib/gcc/arm-none-eabi/10.2.1/../../../../arm-none-eabi/lib/thumb/v8-m.main+fp/hard\libc.a(lib_a-strtol.o)
 .text.strtol   0x0000fb78       0x2c d:/embedded_development/rt-threadstudio/repo/extract/toolchain_support_packages/arm/gnu_tools_for_arm_embedded_processors/10.2.1/bin/../lib/gcc/arm-none-eabi/10.2.1/../../../../arm-none-eabi/lib/thumb/v8-m.main+fp/hard\libc.a(lib_a-strtol.o)
                0x0000fb78                strtol
 .text.startup.register_fini
                0x0000fba4       0x14 d:/embedded_development/rt-threadstudio/repo/extract/toolchain_support_packages/arm/gnu_tools_for_arm_embedded_processors/10.2.1/bin/../lib/gcc/arm-none-eabi/10.2.1/../../../../arm-none-eabi/lib/thumb/v8-m.main+fp/hard\libc.a(lib_a-__call_atexit.o)
 .text.atexit   0x0000fbb8        0xc d:/embedded_development/rt-threadstudio/repo/extract/toolchain_support_packages/arm/gnu_tools_for_arm_embedded_processors/10.2.1/bin/../lib/gcc/arm-none-eabi/10.2.1/../../../../arm-none-eabi/lib/thumb/v8-m.main+fp/hard\libc.a(lib_a-atexit.o)
                0x0000fbb8                atexit
 .text.__libc_fini_array
                0x0000fbc4       0x2c d:/embedded_development/rt-threadstudio/repo/extract/toolchain_support_packages/arm/gnu_tools_for_arm_embedded_processors/10.2.1/bin/../lib/gcc/arm-none-eabi/10.2.1/../../../../arm-none-eabi/lib/thumb/v8-m.main+fp/hard\libc.a(lib_a-fini.o)
                0x0000fbc4                __libc_fini_array
 .text.__retarget_lock_acquire_recursive
                0x0000fbf0        0x4 d:/embedded_development/rt-threadstudio/repo/extract/toolchain_support_packages/arm/gnu_tools_for_arm_embedded_processors/10.2.1/bin/../lib/gcc/arm-none-eabi/10.2.1/../../../../arm-none-eabi/lib/thumb/v8-m.main+fp/hard\libc.a(lib_a-lock.o)
                0x0000fbf0                __retarget_lock_acquire_recursive
 .text.__retarget_lock_release_recursive
                0x0000fbf4        0x4 d:/embedded_development/rt-threadstudio/repo/extract/toolchain_support_packages/arm/gnu_tools_for_arm_embedded_processors/10.2.1/bin/../lib/gcc/arm-none-eabi/10.2.1/../../../../arm-none-eabi/lib/thumb/v8-m.main+fp/hard\libc.a(lib_a-lock.o)
                0x0000fbf4                __retarget_lock_release_recursive
 .text.__register_exitproc
                0x0000fbf8       0x90 d:/embedded_development/rt-threadstudio/repo/extract/toolchain_support_packages/arm/gnu_tools_for_arm_embedded_processors/10.2.1/bin/../lib/gcc/arm-none-eabi/10.2.1/../../../../arm-none-eabi/lib/thumb/v8-m.main+fp/hard\libc.a(lib_a-__atexit.o)
                0x0000fbf8                __register_exitproc
 .text          0x0000fc88      0x378 d:/embedded_development/rt-threadstudio/repo/extract/toolchain_support_packages/arm/gnu_tools_for_arm_embedded_processors/10.2.1/bin/../lib/gcc/arm-none-eabi/10.2.1/thumb/v8-m.main+fp/hard\libgcc.a(_arm_addsubdf3.o)
                0x0000fc88                __aeabi_drsub
                0x0000fc90                __aeabi_dsub
                0x0000fc90                __subdf3
                0x0000fc94                __aeabi_dadd
                0x0000fc94                __adddf3
                0x0000ff0c                __floatunsidf
                0x0000ff0c                __aeabi_ui2d
                0x0000ff2c                __floatsidf
                0x0000ff2c                __aeabi_i2d
                0x0000ff50                __aeabi_f2d
                0x0000ff50                __extendsfdf2
                0x0000ff94                __floatundidf
                0x0000ff94                __aeabi_ul2d
                0x0000ffa4                __floatdidf
                0x0000ffa4                __aeabi_l2d
 .text          0x00010000      0x424 d:/embedded_development/rt-threadstudio/repo/extract/toolchain_support_packages/arm/gnu_tools_for_arm_embedded_processors/10.2.1/bin/../lib/gcc/arm-none-eabi/10.2.1/thumb/v8-m.main+fp/hard\libgcc.a(_arm_muldivdf3.o)
                0x00010000                __aeabi_dmul
                0x00010000                __muldf3
                0x00010254                __divdf3
                0x00010254                __aeabi_ddiv
 .text          0x00010424       0xa0 d:/embedded_development/rt-threadstudio/repo/extract/toolchain_support_packages/arm/gnu_tools_for_arm_embedded_processors/10.2.1/bin/../lib/gcc/arm-none-eabi/10.2.1/thumb/v8-m.main+fp/hard\libgcc.a(_arm_truncdfsf2.o)
                0x00010424                __truncdfsf2
                0x00010424                __aeabi_d2f
 *(.version)
 .version       0x000104c4       0x50 ./ra/fsp/src/bsp/mcu/all/bsp_common.o
 *(.init)
 .init          0x00010514        0x4 d:/embedded_development/rt-threadstudio/repo/extract/toolchain_support_packages/arm/gnu_tools_for_arm_embedded_processors/10.2.1/bin/../lib/gcc/arm-none-eabi/10.2.1/thumb/v8-m.main+fp/hard/crti.o
                0x00010514                _init
 .init          0x00010518        0x8 d:/embedded_development/rt-threadstudio/repo/extract/toolchain_support_packages/arm/gnu_tools_for_arm_embedded_processors/10.2.1/bin/../lib/gcc/arm-none-eabi/10.2.1/thumb/v8-m.main+fp/hard/crtn.o
 *(.fini)
 .fini          0x00010520        0x4 d:/embedded_development/rt-threadstudio/repo/extract/toolchain_support_packages/arm/gnu_tools_for_arm_embedded_processors/10.2.1/bin/../lib/gcc/arm-none-eabi/10.2.1/thumb/v8-m.main+fp/hard/crti.o
                0x00010520                _fini
 .fini          0x00010524        0x8 d:/embedded_development/rt-threadstudio/repo/extract/toolchain_support_packages/arm/gnu_tools_for_arm_embedded_processors/10.2.1/bin/../lib/gcc/arm-none-eabi/10.2.1/thumb/v8-m.main+fp/hard/crtn.o
                0x0001052c                . = ALIGN (0x4)
                0x0001052c                __fsymtab_start = .
 *(FSymTab)
 FSymTab        0x0001052c       0x18 ./src/hal_entry.o
                0x0001052c                __fsym_sensor_read_data
                0x00010538                __fsym_icu_sample
 FSymTab        0x00010544       0x90 ./rt-thread/components/finsh/cmd.o
                0x00010544                __fsym_hello
                0x00010550                __fsym_clear
                0x0001055c                __fsym_version
                0x00010568                __fsym_list_thread
                0x00010574                __fsym_list_sem
                0x00010580                __fsym_list_event
                0x0001058c                __fsym_list_mutex
                0x00010598                __fsym_list_mailbox
                0x000105a4                __fsym_list_msgqueue
                0x000105b0                __fsym_list_timer
                0x000105bc                __fsym_list_device
                0x000105c8                __fsym_list
 FSymTab        0x000105d4       0x24 ./rt-thread/components/finsh/msh.o
                0x000105d4                __fsym_help
                0x000105e0                __fsym_ps
                0x000105ec                __fsym_free
 FSymTab        0x000105f8       0x30 ./rt-thread/components/drivers/sensors/sensor_cmd.o
                0x000105f8                __fsym_sensor_fifo
                0x00010604                __fsym_sensor_int
                0x00010610                __fsym_sensor_polling
                0x0001061c                __fsym_sensor
 FSymTab        0x00010628        0xc ./rt-thread/components/drivers/misc/adc.o
                0x00010628                __fsym_adc
 FSymTab        0x00010634        0xc ./packages/mpu6xxx-latest/src/mpu6xxx.o
                0x00010634                __fsym_mpu6xxx
 FSymTab        0x00010640        0xc ./libraries/HAL_Drivers/drv_common.o
                0x00010640                __fsym_reboot
                0x0001064c                __fsymtab_end = .
                0x0001064c                . = ALIGN (0x4)
                0x0001064c                __vsymtab_start = .
 *(VSymTab)
                0x0001064c                __vsymtab_end = .
                0x0001064c                . = ALIGN (0x4)
                0x0001064c                __rt_init_start = .
 *(SORT_BY_NAME(.rti_fn*))
 .rti_fn.0      0x0001064c        0x4 ./rt-thread/src/components.o
                0x0001064c                __rt_init_rti_start
 .rti_fn.0.end  0x00010650        0x4 ./rt-thread/src/components.o
                0x00010650                __rt_init_rti_board_start
 .rti_fn.1      0x00010654        0x4 ./libraries/HAL_Drivers/drv_adc.o
                0x00010654                __rt_init_ra_adc_init
 .rti_fn.1      0x00010658        0x4 ./libraries/HAL_Drivers/drv_soft_i2c.o
                0x00010658                __rt_init_rt_hw_i2c_init
 .rti_fn.1.end  0x0001065c        0x4 ./rt-thread/src/components.o
                0x0001065c                __rt_init_rti_board_end
 .rti_fn.4      0x00010660        0x4 ./rt-thread/components/drivers/i2c/i2c_core.o
                0x00010660                __rt_init_rt_i2c_core_init
 .rti_fn.6      0x00010664        0x4 ./rt-thread/components/finsh/shell.o
                0x00010664                __rt_init_finsh_system_init
 .rti_fn.6.end  0x00010668        0x4 ./rt-thread/src/components.o
                0x00010668                __rt_init_rti_end
                0x0001066c                __rt_init_end = .
                0x0001066c                . = ALIGN (0x4)
 *(FalPartTable)
 *crtbegin.o(.ctors)
 *crtbegin?.o(.ctors)
 *(EXCLUDE_FILE(*crtend.o *crtend?.o) .ctors)
 *(SORT_BY_NAME(.ctors.*))
 *(.ctors)
 *crtbegin.o(.dtors)
 *crtbegin?.o(.dtors)
 *(EXCLUDE_FILE(*crtend.o *crtend?.o) .dtors)
 *(SORT_BY_NAME(.dtors.*))
 *(.dtors)
 *(.rodata*)
 .rodata        0x0001066c       0xe3 ./src/hal_entry.o
 *fill*         0x0001074f        0x1 ff
 .rodata.name   0x00010750       0x3f ./src/hal_entry.o
                0x00010750                __fsym_sensor_read_data_name
                0x00010764                __fsym_sensor_read_data_desc
                0x00010778                __fsym_icu_sample_name
                0x00010784                __fsym_icu_sample_desc
 *fill*         0x0001078f        0x1 ff
 .rodata        0x00010790       0x17 ./rt-thread/src/components.o
 *fill*         0x000107a7        0x1 ff
 .rodata.__FUNCTION__.0
                0x000107a8       0x14 ./rt-thread/src/components.o
 .rodata        0x000107bc       0xf4 ./rt-thread/src/device.o
 .rodata.__FUNCTION__.9
                0x000108b0       0x15 ./rt-thread/src/device.o
 *fill*         0x000108c5        0x3 ff
 .rodata.__FUNCTION__.6
                0x000108c8        0xf ./rt-thread/src/device.o
 *fill*         0x000108d7        0x1 ff
 .rodata.__FUNCTION__.5
                0x000108d8       0x10 ./rt-thread/src/device.o
 .rodata.__FUNCTION__.4
                0x000108e8        0xf ./rt-thread/src/device.o
 *fill*         0x000108f7        0x1 ff
 .rodata.__FUNCTION__.3
                0x000108f8       0x10 ./rt-thread/src/device.o
 .rodata.__FUNCTION__.2
                0x00010908       0x12 ./rt-thread/src/device.o
 *fill*         0x0001091a        0x2 ff
 .rodata.__FUNCTION__.1
                0x0001091c       0x1a ./rt-thread/src/device.o
 *fill*         0x00010936        0x2 ff
 .rodata        0x00010938        0x8 ./rt-thread/src/idle.o
 .rodata        0x00010940      0x4de ./rt-thread/src/ipc.o
 *fill*         0x00010e1e        0x2 ff
 .rodata.__FUNCTION__.37
                0x00010e20        0xc ./rt-thread/src/ipc.o
 .rodata.__FUNCTION__.35
                0x00010e2c        0xe ./rt-thread/src/ipc.o
 *fill*         0x00010e3a        0x2 ff
 .rodata.__FUNCTION__.33
                0x00010e3c        0xc ./rt-thread/src/ipc.o
 .rodata.__FUNCTION__.32
                0x00010e48       0x12 ./rt-thread/src/ipc.o
 *fill*         0x00010e5a        0x2 ff
 .rodata.__FUNCTION__.31
                0x00010e5c        0xf ./rt-thread/src/ipc.o
 *fill*         0x00010e6b        0x1 ff
 .rodata.__FUNCTION__.29
                0x00010e6c        0xe ./rt-thread/src/ipc.o
 *fill*         0x00010e7a        0x2 ff
 .rodata.__FUNCTION__.27
                0x00010e7c       0x10 ./rt-thread/src/ipc.o
 .rodata.__FUNCTION__.25
                0x00010e8c        0xe ./rt-thread/src/ipc.o
 *fill*         0x00010e9a        0x2 ff
 .rodata.__FUNCTION__.24
                0x00010e9c       0x11 ./rt-thread/src/ipc.o
 *fill*         0x00010ead        0x3 ff
 .rodata        0x00010eb0      0x107 ./rt-thread/src/kservice.o
 *fill*         0x00010fb7        0x1 ff
 .rodata.large_digits.4
                0x00010fb8       0x11 ./rt-thread/src/kservice.o
 *fill*         0x00010fc9        0x3 ff
 .rodata.small_digits.3
                0x00010fcc       0x11 ./rt-thread/src/kservice.o
 *fill*         0x00010fdd        0x3 ff
 .rodata.__FUNCTION__.1
                0x00010fe0       0x14 ./rt-thread/src/kservice.o
 .rodata.__FUNCTION__.0
                0x00010ff4        0xd ./rt-thread/src/kservice.o
 *fill*         0x00011001        0x3 ff
 .rodata        0x00011004      0x41b ./rt-thread/src/mem.o
 *fill*         0x0001141f        0x1 ff
 .rodata.__FUNCTION__.4
                0x00011420        0xb ./rt-thread/src/mem.o
 *fill*         0x0001142b        0x1 ff
 .rodata.__FUNCTION__.2
                0x0001142c        0xe ./rt-thread/src/mem.o
 *fill*         0x0001143a        0x2 ff
 .rodata.__FUNCTION__.0
                0x0001143c        0xd ./rt-thread/src/mem.o
 *fill*         0x00011449        0x3 ff
 .rodata        0x0001144c       0x91 ./rt-thread/src/object.o
 *fill*         0x000114dd        0x3 ff
 .rodata.__FUNCTION__.6
                0x000114e0        0xf ./rt-thread/src/object.o
 *fill*         0x000114ef        0x1 ff
 .rodata.__FUNCTION__.5
                0x000114f0       0x11 ./rt-thread/src/object.o
 *fill*         0x00011501        0x3 ff
 .rodata.__FUNCTION__.4
                0x00011504       0x13 ./rt-thread/src/object.o
 *fill*         0x00011517        0x1 ff
 .rodata.__FUNCTION__.3
                0x00011518       0x11 ./rt-thread/src/object.o
 *fill*         0x00011529        0x3 ff
 .rodata.__FUNCTION__.2
                0x0001152c       0x1a ./rt-thread/src/object.o
 *fill*         0x00011546        0x2 ff
 .rodata.__FUNCTION__.1
                0x00011548       0x13 ./rt-thread/src/object.o
 *fill*         0x0001155b        0x1 ff
 .rodata.__FUNCTION__.0
                0x0001155c        0xf ./rt-thread/src/object.o
 *fill*         0x0001156b        0x1 ff
 .rodata        0x0001156c       0x65 ./rt-thread/src/scheduler.o
 *fill*         0x000115d1        0x3 ff
 .rodata.__FUNCTION__.2
                0x000115d4       0x1a ./rt-thread/src/scheduler.o
 *fill*         0x000115ee        0x2 ff
 .rodata.__FUNCTION__.1
                0x000115f0       0x1a ./rt-thread/src/scheduler.o
 *fill*         0x0001160a        0x2 ff
 .rodata.__FUNCTION__.0
                0x0001160c       0x1a ./rt-thread/src/scheduler.o
 *fill*         0x00011626        0x2 ff
 .rodata        0x00011628      0x19f ./rt-thread/src/thread.o
 *fill*         0x000117c7        0x1 ff
 .rodata.__FUNCTION__.10
                0x000117c8       0x10 ./rt-thread/src/thread.o
 .rodata.__FUNCTION__.9
                0x000117d8        0xd ./rt-thread/src/thread.o
 *fill*         0x000117e5        0x3 ff
 .rodata.__FUNCTION__.8
                0x000117e8        0xf ./rt-thread/src/thread.o
 *fill*         0x000117f7        0x1 ff
 .rodata.__FUNCTION__.7
                0x000117f8       0x12 ./rt-thread/src/thread.o
 *fill*         0x0001180a        0x2 ff
 .rodata.__FUNCTION__.6
                0x0001180c       0x11 ./rt-thread/src/thread.o
 *fill*         0x0001181d        0x3 ff
 .rodata.__FUNCTION__.5
                0x00011820       0x11 ./rt-thread/src/thread.o
 *fill*         0x00011831        0x3 ff
 .rodata.__FUNCTION__.4
                0x00011834       0x10 ./rt-thread/src/thread.o
 .rodata.__FUNCTION__.2
                0x00011844       0x12 ./rt-thread/src/thread.o
 *fill*         0x00011856        0x2 ff
 .rodata.__FUNCTION__.1
                0x00011858       0x12 ./rt-thread/src/thread.o
 *fill*         0x0001186a        0x2 ff
 .rodata.__FUNCTION__.0
                0x0001186c       0x11 ./rt-thread/src/thread.o
 *fill*         0x0001187d        0x3 ff
 .rodata        0x00011880       0xe6 ./rt-thread/src/timer.o
 *fill*         0x00011966        0x2 ff
 .rodata.__FUNCTION__.7
                0x00011968        0xe ./rt-thread/src/timer.o
 *fill*         0x00011976        0x2 ff
 .rodata.__FUNCTION__.6
                0x00011978       0x10 ./rt-thread/src/timer.o
 .rodata.__FUNCTION__.3
                0x00011988        0xf ./rt-thread/src/timer.o
 *fill*         0x00011997        0x1 ff
 .rodata.__FUNCTION__.1
                0x00011998        0xe ./rt-thread/src/timer.o
 *fill*         0x000119a6        0x2 ff
 .rodata.__FUNCTION__.0
                0x000119a8       0x11 ./rt-thread/src/timer.o
 *fill*         0x000119b9        0x3 ff
 .rodata        0x000119bc      0x2ce ./rt-thread/libcpu/arm/cortex-m4/cpuport.o
 *fill*         0x00011c8a        0x2 ff
 .rodata        0x00011c8c      0x60d ./rt-thread/components/finsh/cmd.o
 *fill*         0x00012299        0x3 ff
 .rodata.name   0x0001229c      0x1b8 ./rt-thread/components/finsh/cmd.o
                0x0001229c                __fsym_hello_name
                0x000122a4                __fsym_hello_desc
                0x000122b4                __fsym_clear_name
                0x000122bc                __fsym_clear_desc
                0x000122d8                __fsym_version_name
                0x000122e0                __fsym_version_desc
                0x00012308                __fsym_list_thread_name
                0x00012314                __fsym_list_thread_desc
                0x00012320                __fsym_list_sem_name
                0x0001232c                __fsym_list_sem_desc
                0x00012348                __fsym_list_event_name
                0x00012354                __fsym_list_event_desc
                0x0001236c                __fsym_list_mutex_name
                0x00012378                __fsym_list_mutex_desc
                0x00012390                __fsym_list_mailbox_name
                0x000123a0                __fsym_list_mailbox_desc
                0x000123b8                __fsym_list_msgqueue_name
                0x000123c8                __fsym_list_msgqueue_desc
                0x000123e8                __fsym_list_timer_name
                0x000123f4                __fsym_list_timer_desc
                0x0001240c                __fsym_list_device_name
                0x00012418                __fsym_list_device_desc
                0x00012430                __fsym_list_name
                0x00012438                __fsym_list_desc
 .rodata.device_type_str
                0x00012454       0x64 ./rt-thread/components/finsh/cmd.o
 .rodata        0x000124b8       0xa8 ./rt-thread/components/finsh/msh.o
 .rodata.name   0x00012560       0x6d ./rt-thread/components/finsh/msh.o
                0x00012560                __fsym_help_name
                0x00012568                __fsym_help_desc
                0x00012580                __fsym_ps_name
                0x00012584                __fsym_ps_desc
                0x000125a0                __fsym_free_name
                0x000125a8                __fsym_free_desc
 *fill*         0x000125cd        0x3 ff
 .rodata.__FUNCTION__.0
                0x000125d0        0xe ./rt-thread/components/finsh/msh.o
 *fill*         0x000125de        0x2 ff
 .rodata        0x000125e0       0x91 ./rt-thread/components/finsh/shell.o
 *fill*         0x00012671        0x3 ff
 .rodata.__FUNCTION__.6
                0x00012674       0x16 ./rt-thread/components/finsh/shell.o
 *fill*         0x0001268a        0x2 ff
 .rodata.__FUNCTION__.5
                0x0001268c        0xe ./rt-thread/components/finsh/shell.o
 *fill*         0x0001269a        0x2 ff
 .rodata.__FUNCTION__.4
                0x0001269c        0xd ./rt-thread/components/finsh/shell.o
 *fill*         0x000126a9        0x3 ff
 .rodata.__FUNCTION__.3
                0x000126ac       0x11 ./rt-thread/components/finsh/shell.o
 *fill*         0x000126bd        0x3 ff
 .rodata        0x000126c0      0x18b ./rt-thread/components/drivers/serial/serial_v2.o
 *fill*         0x0001284b        0x1 ff
 .rodata.__FUNCTION__.18
                0x0001284c       0x1c ./rt-thread/components/drivers/serial/serial_v2.o
 .rodata.__FUNCTION__.17
                0x00012868       0x1c ./rt-thread/components/drivers/serial/serial_v2.o
 .rodata.__FUNCTION__.16
                0x00012884       0x1d ./rt-thread/components/drivers/serial/serial_v2.o
 *fill*         0x000128a1        0x3 ff
 .rodata.__FUNCTION__.15
                0x000128a4       0x10 ./rt-thread/components/drivers/serial/serial_v2.o
 .rodata.__FUNCTION__.14
                0x000128b4       0x10 ./rt-thread/components/drivers/serial/serial_v2.o
 .rodata.__FUNCTION__.13
                0x000128c4       0x10 ./rt-thread/components/drivers/serial/serial_v2.o
 .rodata.__FUNCTION__.12